Archive member included to satisfy reference by file (symbol)

/usr/local/mcuxpressoide-11.1.1_3241/ide/plugins/com.nxp.mcuxpresso.tools.linux_11.1.0.202001081728/tools/bin/../lib/gcc/arm-none-eabi/8.3.1/../../../../arm-none-eabi/lib/thumb/v7e-m+dp/hard/libcr_semihost_nf.a(_cr__main.o)
                              ./startup/startup_mimxrt1021.o (__main)
/usr/local/mcuxpressoide-11.1.1_3241/ide/plugins/com.nxp.mcuxpresso.tools.linux_11.1.0.202001081728/tools/bin/../lib/gcc/arm-none-eabi/8.3.1/../../../../arm-none-eabi/lib/thumb/v7e-m+dp/hard/libcr_c.a(memcpy.o)
                              ./amazon-freertos/freertos_kernel/queue.o (memcpy)
/usr/local/mcuxpressoide-11.1.1_3241/ide/plugins/com.nxp.mcuxpresso.tools.linux_11.1.0.202001081728/tools/bin/../lib/gcc/arm-none-eabi/8.3.1/../../../../arm-none-eabi/lib/thumb/v7e-m+dp/hard/libcr_c.a(memset.o)
                              ./drivers/fsl_gpt.o (memset)
/usr/local/mcuxpressoide-11.1.1_3241/ide/plugins/com.nxp.mcuxpresso.tools.linux_11.1.0.202001081728/tools/bin/../lib/gcc/arm-none-eabi/8.3.1/../../../../arm-none-eabi/lib/thumb/v7e-m+dp/hard/libcr_c.a(alloc.o)
                              ./source/timing.o (malloc)
/usr/local/mcuxpressoide-11.1.1_3241/ide/plugins/com.nxp.mcuxpresso.tools.linux_11.1.0.202001081728/tools/bin/../lib/gcc/arm-none-eabi/8.3.1/../../../../arm-none-eabi/lib/thumb/v7e-m+dp/hard/libcr_c.a(initio.o)
                              /usr/local/mcuxpressoide-11.1.1_3241/ide/plugins/com.nxp.mcuxpresso.tools.linux_11.1.0.202001081728/tools/bin/../lib/gcc/arm-none-eabi/8.3.1/../../../../arm-none-eabi/lib/thumb/v7e-m+dp/hard/libcr_semihost_nf.a(_cr__main.o) (_initio)
/usr/local/mcuxpressoide-11.1.1_3241/ide/plugins/com.nxp.mcuxpresso.tools.linux_11.1.0.202001081728/tools/bin/../lib/gcc/arm-none-eabi/8.3.1/../../../../arm-none-eabi/lib/thumb/v7e-m+dp/hard/libcr_c.a(printf.o)
                              ./utilities/fsl_assert.o (_printf)
/usr/local/mcuxpressoide-11.1.1_3241/ide/plugins/com.nxp.mcuxpresso.tools.linux_11.1.0.202001081728/tools/bin/../lib/gcc/arm-none-eabi/8.3.1/../../../../arm-none-eabi/lib/thumb/v7e-m+dp/hard/libcr_c.a(setvbuf.o)
                              /usr/local/mcuxpressoide-11.1.1_3241/ide/plugins/com.nxp.mcuxpresso.tools.linux_11.1.0.202001081728/tools/bin/../lib/gcc/arm-none-eabi/8.3.1/../../../../arm-none-eabi/lib/thumb/v7e-m+dp/hard/libcr_c.a(initio.o) (setvbuf)
/usr/local/mcuxpressoide-11.1.1_3241/ide/plugins/com.nxp.mcuxpresso.tools.linux_11.1.0.202001081728/tools/bin/../lib/gcc/arm-none-eabi/8.3.1/../../../../arm-none-eabi/lib/thumb/v7e-m+dp/hard/libcr_c.a(strlen.o)
                              ./utilities/fsl_str.o (strlen)
/usr/local/mcuxpressoide-11.1.1_3241/ide/plugins/com.nxp.mcuxpresso.tools.linux_11.1.0.202001081728/tools/bin/../lib/gcc/arm-none-eabi/8.3.1/../../../../arm-none-eabi/lib/thumb/v7e-m+dp/hard/libcr_c.a(__init_alloc.o)
                              /usr/local/mcuxpressoide-11.1.1_3241/ide/plugins/com.nxp.mcuxpresso.tools.linux_11.1.0.202001081728/tools/bin/../lib/gcc/arm-none-eabi/8.3.1/../../../../arm-none-eabi/lib/thumb/v7e-m+dp/hard/libcr_c.a(alloc.o) (__heaps)
/usr/local/mcuxpressoide-11.1.1_3241/ide/plugins/com.nxp.mcuxpresso.tools.linux_11.1.0.202001081728/tools/bin/../lib/gcc/arm-none-eabi/8.3.1/../../../../arm-none-eabi/lib/thumb/v7e-m+dp/hard/libcr_c.a(_cr_sbrk.o)
                              /usr/local/mcuxpressoide-11.1.1_3241/ide/plugins/com.nxp.mcuxpresso.tools.linux_11.1.0.202001081728/tools/bin/../lib/gcc/arm-none-eabi/8.3.1/../../../../arm-none-eabi/lib/thumb/v7e-m+dp/hard/libcr_c.a(alloc.o) (_sbrk)
/usr/local/mcuxpressoide-11.1.1_3241/ide/plugins/com.nxp.mcuxpresso.tools.linux_11.1.0.202001081728/tools/bin/../lib/gcc/arm-none-eabi/8.3.1/../../../../arm-none-eabi/lib/thumb/v7e-m+dp/hard/libcr_c.a(_deferredlazyseek.o)
                              /usr/local/mcuxpressoide-11.1.1_3241/ide/plugins/com.nxp.mcuxpresso.tools.linux_11.1.0.202001081728/tools/bin/../lib/gcc/arm-none-eabi/8.3.1/../../../../arm-none-eabi/lib/thumb/v7e-m+dp/hard/libcr_c.a(printf.o) (__flsbuf)
/usr/local/mcuxpressoide-11.1.1_3241/ide/plugins/com.nxp.mcuxpresso.tools.linux_11.1.0.202001081728/tools/bin/../lib/gcc/arm-none-eabi/8.3.1/../../../../arm-none-eabi/lib/thumb/v7e-m+dp/hard/libcr_c.a(_fdopen.o)
                              /usr/local/mcuxpressoide-11.1.1_3241/ide/plugins/com.nxp.mcuxpresso.tools.linux_11.1.0.202001081728/tools/bin/../lib/gcc/arm-none-eabi/8.3.1/../../../../arm-none-eabi/lib/thumb/v7e-m+dp/hard/libcr_c.a(initio.o) (_fdopen)
/usr/local/mcuxpressoide-11.1.1_3241/ide/plugins/com.nxp.mcuxpresso.tools.linux_11.1.0.202001081728/tools/bin/../lib/gcc/arm-none-eabi/8.3.1/../../../../arm-none-eabi/lib/thumb/v7e-m+dp/hard/libcr_c.a(_fflush.o)
[...]
Memory Configuration

Name             Origin             Length             Attributes
BOARD_FLASH      0x0000000060000000 0x0000000000800000 xr
SRAM_DTC         0x0000000020000000 0x0000000000010000 xrw
SRAM_ITC         0x0000000000000000 0x0000000000010000 xrw
SRAM_OC          0x0000000020200000 0x0000000000020000 xrw
BOARD_SDRAM      0x0000000080000000 0x0000000001e00000 xrw
NCACHE_REGION    0x0000000081e00000 0x0000000000200000 xrw
*default*        0x0000000000000000 0xffffffffffffffff

Linker script and memory map

LOAD ./xip/evkmimxrt1020_flexspi_nor_config.o
LOAD ./xip/evkmimxrt1020_sdram_ini_dcd.o
LOAD ./xip/fsl_flexspi_nor_boot.o
LOAD ./utilities/fsl_assert.o
LOAD ./utilities/fsl_debug_console.o
LOAD ./utilities/fsl_str.o
LOAD ./startup/startup_mimxrt1021.o
LOAD ./source/freertos_main.o
LOAD ./source/semihost_hardfault.o
LOAD ./source/timing.o
LOAD ./drivers/fsl_clock.o
LOAD ./drivers/fsl_common.o
LOAD ./drivers/fsl_gpio.o
LOAD ./drivers/fsl_gpt.o
LOAD ./drivers/fsl_lpuart.o
LOAD ./device/system_MIMXRT1021.o
LOAD ./component/uart/lpuart_adapter.o
LOAD ./component/serial_manager/serial_manager.o
LOAD ./component/serial_manager/serial_port_uart.o
LOAD ./component/lists/generic_list.o
LOAD ./board/board.o
LOAD ./board/clock_config.o
LOAD ./board/pin_mux.o
LOAD ./amazon-freertos/freertos_kernel/portable/MemMang/heap_4.o
LOAD ./amazon-freertos/freertos_kernel/portable/GCC/ARM_CM4F/port.o
LOAD ./amazon-freertos/freertos_kernel/event_groups.o
LOAD ./amazon-freertos/freertos_kernel/list.o
LOAD ./amazon-freertos/freertos_kernel/queue.o
LOAD ./amazon-freertos/freertos_kernel/stream_buffer.o
LOAD ./amazon-freertos/freertos_kernel/tasks.o
LOAD ./amazon-freertos/freertos_kernel/timers.o
START GROUP
LOAD /usr/local/mcuxpressoide-11.1.1_3241/ide/plugins/com.nxp.mcuxpresso.tools.linux_11.1.0.202001081728/tools/bin/../lib/gcc/arm-none-eabi/8.3.1/../../../../arm-none-eabi/lib/thumb/v7e-m+dp/hard/libcr_semihost_nf.a
LOAD /usr/local/mcuxpressoide-11.1.1_3241/ide/plugins/com.nxp.mcuxpresso.tools.linux_11.1.0.202001081728/tools/bin/../lib/gcc/arm-none-eabi/8.3.1/../../../../arm-none-eabi/lib/thumb/v7e-m+dp/hard/libcr_c.a
LOAD /usr/local/mcuxpressoide-11.1.1_3241/ide/plugins/com.nxp.mcuxpresso.tools.linux_11.1.0.202001081728/tools/bin/../lib/gcc/arm-none-eabi/8.3.1/thumb/v7e-m+dp/hard/libcr_eabihelpers.a
LOAD /usr/local/mcuxpressoide-11.1.1_3241/ide/plugins/com.nxp.mcuxpresso.tools.linux_11.1.0.202001081728/tools/bin/../lib/gcc/arm-none-eabi/8.3.1/thumb/v7e-m+dp/hard/libgcc.a
END GROUP
                0x0000000060000000                __base_BOARD_FLASH = 0x60000000
                0x0000000060000000                __base_Flash = 0x60000000
                0x0000000060800000                __top_BOARD_FLASH = 0x60800000
                0x0000000060800000                __top_Flash = 0x60800000
                0x0000000020000000                __base_SRAM_DTC = 0x20000000
                0x0000000020000000                __base_RAM = 0x20000000
                0x0000000020010000                __top_SRAM_DTC = 0x20010000
                0x0000000020010000                __top_RAM = 0x20010000
                0x0000000000000000                __base_SRAM_ITC = 0x0
                0x0000000000000000                __base_RAM2 = 0x0
                0x0000000000010000                __top_SRAM_ITC = 0x10000
                0x0000000000010000                __top_RAM2 = 0x10000
                0x0000000020200000                __base_SRAM_OC = 0x20200000
                0x0000000020200000                __base_RAM3 = 0x20200000
                0x0000000020220000                __top_SRAM_OC = 0x20220000
                0x0000000020220000                __top_RAM3 = 0x20220000
                0x0000000080000000                __base_BOARD_SDRAM = 0x80000000
                0x0000000080000000                __base_RAM4 = 0x80000000
                0x0000000081e00000                __top_BOARD_SDRAM = 0x81e00000
                0x0000000081e00000                __top_RAM4 = 0x81e00000
                0x0000000081e00000                __base_NCACHE_REGION = 0x81e00000
                0x0000000081e00000                __base_RAM5 = 0x81e00000
                0x0000000082000000                __top_NCACHE_REGION = 0x82000000
                0x0000000082000000                __top_RAM5 = 0x82000000

.boot_hdr       0x0000000060000000     0x2000
 FILL mask 0xff
                0x0000000060000000                __boot_hdr_start__ = ABSOLUTE (.)
 *(SORT_BY_ALIGNMENT(.boot_hdr.conf))
 .boot_hdr.conf
                0x0000000060000000      0x200 ./xip/evkmimxrt1020_flexspi_nor_config.o
                0x0000000060000000                qspiflash_config
                0x0000000000001000                . = 0x1000
 *fill*         0x0000000060000200      0xe00 ff
 *(SORT_BY_ALIGNMENT(.boot_hdr.ivt))
 .boot_hdr.ivt  0x0000000060001000       0x20 ./xip/fsl_flexspi_nor_boot.o
                0x0000000060001000                image_vector_table
                0x0000000000001020                . = 0x1020
 *(SORT_BY_ALIGNMENT(.boot_hdr.boot_data))
 .boot_hdr.boot_data
                0x0000000060001020       0x10 ./xip/fsl_flexspi_nor_boot.o
                0x0000000060001020                boot_data
                0x0000000000001030                . = 0x1030
 *(SORT_BY_ALIGNMENT(.boot_hdr.dcd_data))
                0x0000000060001030                __boot_hdr_end__ = ABSOLUTE (.)
                0x0000000000002000                . = 0x2000
 *fill*         0x0000000060001030      0xfd0 ff

.text           0x0000000060002000     0x6bb8
 FILL mask 0xff
                0x0000000060002000                __vectors_start__ = ABSOLUTE (.)
 *(SORT_BY_ALIGNMENT(.isr_vector))
 .isr_vector    0x0000000060002000      0x278 ./startup/startup_mimxrt1021.o
                0x0000000060002000                __Vectors
                0x0000000060002000                g_pfnVectors
                0x0000000060002278                . = ALIGN (0x4)
                0x0000000060002278                __section_table_start = .
                0x0000000060002278                __data_section_table = .
                0x0000000060002278        0x4 LONG 0x60008bb8 LOADADDR (.data)
                0x000000006000227c        0x4 LONG 0x20000000 ADDR (.data)
                0x0000000060002280        0x4 LONG 0x8 SIZEOF (.data)
                0x0000000060002284        0x4 LONG 0x60008bb8 LOADADDR (.data_RAM2)
                0x0000000060002288        0x4 LONG 0x0 ADDR (.data_RAM2)
                0x000000006000228c        0x4 LONG 0x0 SIZEOF (.data_RAM2)
                0x0000000060002290        0x4 LONG 0x60008bb8 LOADADDR (.data_RAM3)
                0x0000000060002294        0x4 LONG 0x20200000 ADDR (.data_RAM3)
                0x0000000060002298        0x4 LONG 0x0 SIZEOF (.data_RAM3)
                0x000000006000229c        0x4 LONG 0x60008bb8 LOADADDR (.data_RAM4)
                0x00000000600022a0        0x4 LONG 0x80000000 ADDR (.data_RAM4)
                0x00000000600022a4        0x4 LONG 0x0 SIZEOF (.data_RAM4)
                0x00000000600022a8        0x4 LONG 0x60008bb8 LOADADDR (.data_RAM5)
                0x00000000600022ac        0x4 LONG 0x81e00000 ADDR (.data_RAM5)
                0x00000000600022b0        0x4 LONG 0x0 SIZEOF (.data_RAM5)
                0x00000000600022b4                __data_section_table_end = .
                0x00000000600022b4                __bss_section_table = .
                0x00000000600022b4        0x4 LONG 0x20000008 ADDR (.bss)
                0x00000000600022b8        0x4 LONG 0x2a98 SIZEOF (.bss)
                0x00000000600022bc        0x4 LONG 0x0 ADDR (.bss_RAM2)
                0x00000000600022c0        0x4 LONG 0x0 SIZEOF (.bss_RAM2)
                0x00000000600022c4        0x4 LONG 0x20200000 ADDR (.bss_RAM3)
                0x00000000600022c8        0x4 LONG 0x0 SIZEOF (.bss_RAM3)
                0x00000000600022cc        0x4 LONG 0x80000000 ADDR (.bss_RAM4)
                0x00000000600022d0        0x4 LONG 0x0 SIZEOF (.bss_RAM4)
                0x00000000600022d4        0x4 LONG 0x81e00000 ADDR (.bss_RAM5)
                0x00000000600022d8        0x4 LONG 0x0 SIZEOF (.bss_RAM5)
                0x00000000600022dc                __bss_section_table_end = .
                0x00000000600022dc                __section_table_end = .
 *(SORT_BY_ALIGNMENT(.after_vectors*))
 .after_vectors.reset
                0x00000000600022dc       0x4c ./startup/startup_mimxrt1021.o
                0x00000000600022dc                ResetISR
 .after_vectors.init_data
                0x0000000060002328       0x1e ./startup/startup_mimxrt1021.o
                0x0000000060002328                data_init
 .after_vectors.init_bss
                0x0000000060002346       0x12 ./startup/startup_mimxrt1021.o
                0x0000000060002346                bss_init
 .after_vectors
                0x0000000060002358        0xc ./startup/startup_mimxrt1021.o
                0x0000000060002358                NMI_Handler
                0x0000000060002362                ACMP4_DriverIRQHandler
                0x0000000060002362                Reserved87_DriverIRQHandler
                0x0000000060002362                KPP_DriverIRQHandler
                0x0000000060002362                LPSPI2_DriverIRQHandler
                0x0000000060002362                SAI3_RX_DriverIRQHandler
                0x0000000060002362                CCM_2_DriverIRQHandler
                0x0000000060002362                PIT_DriverIRQHandler
                0x0000000060002362                Reserved102_DriverIRQHandler
                0x0000000060002362                Reserved152_DriverIRQHandler
                0x0000000060002362                DMA13_DMA29_DriverIRQHandler
                0x0000000060002362                FLEXRAM_DriverIRQHandler
                0x0000000060002362                LPSPI4_DriverIRQHandler
                0x0000000060002362                SEMC_DriverIRQHandler
                0x0000000060002362                SPDIF_DriverIRQHandler
                0x0000000060002362                USB_PHY_DriverIRQHandler
                0x0000000060002362                GPIO3_Combined_0_15_DriverIRQHandler
                0x0000000060002362                Reserved82_DriverIRQHandler
                0x0000000060002362                DMA7_DMA23_DriverIRQHandler
                0x0000000060002362                BEE_DriverIRQHandler
                0x0000000060002362                LPI2C3_DriverIRQHandler
                0x0000000060002362                GPR_IRQ_DriverIRQHandler
                0x0000000060002362                Reserved103_DriverIRQHandler
                0x0000000060002362                PWM2_FAULT_DriverIRQHandler
                0x0000000060002362                Reserved56_DriverIRQHandler
                0x0000000060002362                DMA14_DMA30_DriverIRQHandler
                0x0000000060002362                TMR1_DriverIRQHandler
                0x0000000060002362                TRNG_DriverIRQHandler
                0x0000000060002362                ENET_1588_Timer_DriverIRQHandler
                0x0000000060002362                GPIO2_Combined_16_31_DriverIRQHandler
                0x0000000060002362                Reserved143_DriverIRQHandler
                0x0000000060002362                Reserved151_DriverIRQHandler
                0x0000000060002362                DMA0_DMA16_DriverIRQHandler
                0x0000000060002362                IntDefaultHandler
                0x0000000060002362                DMA2_DMA18_DriverIRQHandler
                0x0000000060002362                SRC_DriverIRQHandler
                0x0000000060002362                GPIO1_INT4_DriverIRQHandler
                0x0000000060002362                Reserved144_DriverIRQHandler
                0x0000000060002362                USDHC1_DriverIRQHandler
                0x0000000060002362                EWM_DriverIRQHandler
                0x0000000060002362                WDOG1_DriverIRQHandler
                0x0000000060002362                FLEXIO1_DriverIRQHandler
                0x0000000060002362                ENET_DriverIRQHandler
                0x0000000060002362                Reserved78_DriverIRQHandler
                0x0000000060002362                ENC2_DriverIRQHandler
                0x0000000060002362                ADC_ETC_IRQ2_DriverIRQHandler
                0x0000000060002362                GPIO1_Combined_16_31_DriverIRQHandler
                0x0000000060002362                GPIO1_INT7_DriverIRQHandler
                0x0000000060002362                SAI1_DriverIRQHandler
                0x0000000060002362                DCDC_DriverIRQHandler
                0x0000000060002362                DMA12_DMA28_DriverIRQHandler
                0x0000000060002362                ADC_ETC_ERROR_IRQ_DriverIRQHandler
                0x0000000060002362                ACMP2_DriverIRQHandler
                0x0000000060002362                GPIO5_Combined_0_15_DriverIRQHandler
                0x0000000060002362                GPIO1_INT0_DriverIRQHandler
                0x0000000060002362                GPIO1_INT2_DriverIRQHandler
                0x0000000060002362                RTWDOG_DriverIRQHandler
                0x0000000060002362                FLEXSPI_DriverIRQHandler
                0x0000000060002362                GPT2_DriverIRQHandler
                0x0000000060002362                DMA10_DMA26_DriverIRQHandler
                0x0000000060002362                PWM2_1_DriverIRQHandler
                0x0000000060002362                PWM1_1_DriverIRQHandler
                0x0000000060002362                ADC1_DriverIRQHandler
                0x0000000060002362                Reserved148_DriverIRQHandler
                0x0000000060002362                PWM1_0_DriverIRQHandler
                0x0000000060002362                DMA1_DMA17_DriverIRQHandler
                0x0000000060002362                ENC1_DriverIRQHandler
                0x0000000060002362                CAN2_DriverIRQHandler
                0x0000000060002362                DCP_DriverIRQHandler
                0x0000000060002362                CTI0_ERROR_DriverIRQHandler
                0x0000000060002362                DMA8_DMA24_DriverIRQHandler
                0x0000000060002362                GPT1_DriverIRQHandler
                0x0000000060002362                ACMP3_DriverIRQHandler
                0x0000000060002362                DMA6_DMA22_DriverIRQHandler
                0x0000000060002362                CSU_DriverIRQHandler
                0x0000000060002362                GPIO1_INT5_DriverIRQHandler
                0x0000000060002362                TMR2_DriverIRQHandler
                0x0000000060002362                CTI1_ERROR_DriverIRQHandler
                0x0000000060002362                GPIO1_Combined_0_15_DriverIRQHandler
                0x0000000060002362                USDHC2_DriverIRQHandler
                0x0000000060002362                SAI2_DriverIRQHandler
                0x0000000060002362                CORE_DriverIRQHandler
                0x0000000060002362                Reserved147_DriverIRQHandler
                0x0000000060002362                DMA11_DMA27_DriverIRQHandler
                0x0000000060002362                PWM2_3_DriverIRQHandler
                0x0000000060002362                Reserved60_DriverIRQHandler
                0x0000000060002362                XBAR1_IRQ_2_3_DriverIRQHandler
                0x0000000060002362                SNVS_HP_WRAPPER_TZ_DriverIRQHandler
                0x0000000060002362                GPIO3_Combined_16_31_DriverIRQHandler
                0x0000000060002362                PWM1_FAULT_DriverIRQHandler
                0x0000000060002362                LPI2C1_DriverIRQHandler
                0x0000000060002362                PWM2_2_DriverIRQHandler
                0x0000000060002362                Reserved128_DriverIRQHandler
                0x0000000060002362                DMA4_DMA20_DriverIRQHandler
                0x0000000060002362                DMA9_DMA25_DriverIRQHandler
                0x0000000060002362                SNVS_HP_WRAPPER_DriverIRQHandler
                0x0000000060002362                XBAR1_IRQ_0_1_DriverIRQHandler
                0x0000000060002362                ADC_ETC_IRQ1_DriverIRQHandler
                0x0000000060002362                LPSPI1_DriverIRQHandler
                0x0000000060002362                DMA3_DMA19_DriverIRQHandler
                0x0000000060002362                GPIO1_INT3_DriverIRQHandler
                0x0000000060002362                DCP_VMI_DriverIRQHandler
                0x0000000060002362                LPI2C4_DriverIRQHandler
                0x0000000060002362                GPC_DriverIRQHandler
                0x0000000060002362                Reserved123_DriverIRQHandler
                0x0000000060002362                GPIO2_Combined_0_15_DriverIRQHandler
                0x0000000060002362                PWM1_2_DriverIRQHandler
                0x0000000060002362                USB_OTG1_DriverIRQHandler
                0x0000000060002362                TEMP_LOW_HIGH_DriverIRQHandler
                0x0000000060002362                SAI3_TX_DriverIRQHandler
                0x0000000060002362                WDOG2_DriverIRQHandler
                0x0000000060002362                Reserved68_DriverIRQHandler
                0x0000000060002362                PMU_DriverIRQHandler
                0x0000000060002362                Reserved59_DriverIRQHandler
                0x0000000060002362                GPIO5_Combined_16_31_DriverIRQHandler
                0x0000000060002362                DMA5_DMA21_DriverIRQHandler
                0x0000000060002362                CCM_1_DriverIRQHandler
                0x0000000060002362                ADC2_DriverIRQHandler
                0x0000000060002362                Reserved58_DriverIRQHandler
                0x0000000060002362                Reserved115_DriverIRQHandler
                0x0000000060002362                TEMP_PANIC_DriverIRQHandler
                0x0000000060002362                DMA15_DMA31_DriverIRQHandler
                0x0000000060002362                Reserved107_DriverIRQHandler
                0x0000000060002362                LPSPI3_DriverIRQHandler
                0x0000000060002362                PWM1_3_DriverIRQHandler
                0x0000000060002362                Reserved70_DriverIRQHandler
                0x0000000060002362                ACMP1_DriverIRQHandler
                0x0000000060002362                LPI2C2_DriverIRQHandler
                0x0000000060002362                Reserved86_DriverIRQHandler
                0x0000000060002362                DMA_ERROR_DriverIRQHandler
                0x0000000060002362                ADC_ETC_IRQ0_DriverIRQHandler
                0x0000000060002362                CAN1_DriverIRQHandler
                0x0000000060002362                GPIO1_INT6_DriverIRQHandler
                0x0000000060002362                GPIO1_INT1_DriverIRQHandler
                0x0000000060002362                PWM2_0_DriverIRQHandler
                0x0000000060002362                SNVS_LP_WRAPPER_DriverIRQHandler
 *(SORT_BY_ALIGNMENT(.text*))
 *fill*         0x0000000060002364        0xc ff
 .text.SVC_Handler
                0x0000000060002370       0x28 ./amazon-freertos/freertos_kernel/portable/GCC/ARM_CM4F/port.o
                0x0000000060002370                SVC_Handler
 *fill*         0x0000000060002398        0x8 ff
 .text.PendSV_Handler
                0x00000000600023a0       0x68 ./amazon-freertos/freertos_kernel/portable/GCC/ARM_CM4F/port.o
                0x00000000600023a0                PendSV_Handler
 .text.__assertion_failed
                0x0000000060002408       0x18 ./utilities/fsl_assert.o
                0x0000000060002408                __assertion_failed
 .text.main     0x0000000060002420       0x54 ./source/freertos_main.o
                0x0000000060002420                main
 .text.hello_task
                0x0000000060002474       0x20 ./source/freertos_main.o
 .text.__NVIC_EnableIRQ
                0x0000000060002494       0x3c ./source/timing.o
 .text.GPT_SetClockDivider
                0x00000000600024d0       0x40 ./source/timing.o
 .text.GPT_SetOutputCompareValue
                0x0000000060002510       0x34 ./source/timing.o
 .text.QueueInit
                0x0000000060002544       0x34 ./source/timing.o
                0x0000000060002544                QueueInit
 .text.ConfigureRunTimeStatsTimer
                0x0000000060002578       0xd0 ./source/timing.o
                0x0000000060002578                ConfigureRunTimeStatsTimer
 .text.GPT2_IRQHandler
                0x0000000060002648       0x28 ./source/timing.o
                0x0000000060002648                GPT2_IRQHandler
 .text.TimerReset
                0x0000000060002670       0x18 ./source/timing.o
                0x0000000060002670                TimerReset
 .text.TimerLog
                0x0000000060002688       0xc0 ./source/timing.o
                0x0000000060002688                TimerLog
 .text.TimerPrint
                0x0000000060002748       0x44 ./source/timing.o
                0x0000000060002748                TimerPrint
 .text.CLOCK_GetOscFreq
                0x000000006000278c       0x30 ./drivers/fsl_clock.o
 .text.CLOCK_GetPeriphClkFreq
                0x00000000600027bc       0xd0 ./drivers/fsl_clock.o
 .text.CLOCK_InitExternalClk
                0x000000006000288c       0x6c ./drivers/fsl_clock.o
                0x000000006000288c                CLOCK_InitExternalClk
 .text.CLOCK_SwitchOsc
                0x00000000600028f8       0x34 ./drivers/fsl_clock.o
                0x00000000600028f8                CLOCK_SwitchOsc
 .text.CLOCK_InitRcOsc24M
                0x000000006000292c       0x24 ./drivers/fsl_clock.o
                0x000000006000292c                CLOCK_InitRcOsc24M
 .text.CLOCK_GetAhbFreq
                0x0000000060002950       0x24 ./drivers/fsl_clock.o
                0x0000000060002950                CLOCK_GetAhbFreq
 .text.CLOCK_GetSemcFreq
                0x0000000060002974       0x5c ./drivers/fsl_clock.o
                0x0000000060002974                CLOCK_GetSemcFreq
 .text.CLOCK_GetIpgFreq
                0x00000000600029d0       0x24 ./drivers/fsl_clock.o
                0x00000000600029d0                CLOCK_GetIpgFreq
 .text.CLOCK_GetPerClkFreq
                0x00000000600029f4       0x40 ./drivers/fsl_clock.o
                0x00000000600029f4                CLOCK_GetPerClkFreq
 .text.CLOCK_GetFreq
                0x0000000060002a34      0x150 ./drivers/fsl_clock.o
                0x0000000060002a34                CLOCK_GetFreq
 .text.CLOCK_InitSysPll
                0x0000000060002b84       0x9c ./drivers/fsl_clock.o
                0x0000000060002b84                CLOCK_InitSysPll
 .text.CLOCK_DeinitAudioPll
                0x0000000060002c20       0x1c ./drivers/fsl_clock.o
                0x0000000060002c20                CLOCK_DeinitAudioPll
 .text.CLOCK_InitEnetPll
                0x0000000060002c3c       0xa4 ./drivers/fsl_clock.o
                0x0000000060002c3c                CLOCK_InitEnetPll
 .text.CLOCK_GetPllFreq
                0x0000000060002ce0      0x250 ./drivers/fsl_clock.o
                0x0000000060002ce0                CLOCK_GetPllFreq
 .text.CLOCK_InitSysPfd
                0x0000000060002f30       0x64 ./drivers/fsl_clock.o
                0x0000000060002f30                CLOCK_InitSysPfd
 .text.CLOCK_GetSysPfdFreq
                0x0000000060002f94       0xac ./drivers/fsl_clock.o
                0x0000000060002f94                CLOCK_GetSysPfdFreq
 .text.CLOCK_GetUsb1PfdFreq
                0x0000000060003040       0xac ./drivers/fsl_clock.o
                0x0000000060003040                CLOCK_GetUsb1PfdFreq
 .text.CLOCK_ControlGate
                0x00000000600030ec       0x64 ./drivers/fsl_gpt.o
 .text.GPT_SetClockDivider
                0x0000000060003150       0x40 ./drivers/fsl_gpt.o
 .text.GPT_GetInstance
                0x0000000060003190       0x4c ./drivers/fsl_gpt.o
 .text.GPT_Init
                0x00000000600031dc       0xc4 ./drivers/fsl_gpt.o
                0x00000000600031dc                GPT_Init
 .text.GPT_GetDefaultConfig
                0x00000000600032a0       0x5c ./drivers/fsl_gpt.o
                0x00000000600032a0                GPT_GetDefaultConfig
 .text.LPUART1_DriverIRQHandler
                0x00000000600032fc       0x24 ./drivers/fsl_lpuart.o
                0x00000000600032fc                LPUART1_DriverIRQHandler
 .text.LPUART2_DriverIRQHandler
                0x0000000060003320       0x24 ./drivers/fsl_lpuart.o
                0x0000000060003320                LPUART2_DriverIRQHandler
 .text.LPUART3_DriverIRQHandler
                0x0000000060003344       0x24 ./drivers/fsl_lpuart.o
                0x0000000060003344                LPUART3_DriverIRQHandler
 .text.LPUART4_DriverIRQHandler
                0x0000000060003368       0x24 ./drivers/fsl_lpuart.o
                0x0000000060003368                LPUART4_DriverIRQHandler
 .text.LPUART5_DriverIRQHandler
                0x000000006000338c       0x24 ./drivers/fsl_lpuart.o
                0x000000006000338c                LPUART5_DriverIRQHandler
 .text.LPUART6_DriverIRQHandler
                0x00000000600033b0       0x24 ./drivers/fsl_lpuart.o
                0x00000000600033b0                LPUART6_DriverIRQHandler
 .text.LPUART7_DriverIRQHandler
                0x00000000600033d4       0x24 ./drivers/fsl_lpuart.o
                0x00000000600033d4                LPUART7_DriverIRQHandler
 .text.LPUART8_DriverIRQHandler
                0x00000000600033f8       0x24 ./drivers/fsl_lpuart.o
                0x00000000600033f8                LPUART8_DriverIRQHandler
 .text.SystemInit
                0x000000006000341c      0x1c8 ./device/system_MIMXRT1021.o
                0x000000006000341c                SystemInit
 .text.ARM_MPU_Enable
                0x00000000600035e4       0x3c ./board/board.o
 .text.ARM_MPU_Disable
                0x0000000060003620       0x34 ./board/board.o
 .text.CLOCK_GetMux
                0x0000000060003654       0x44 ./board/board.o
 .text.CLOCK_GetDiv
                0x0000000060003698       0x44 ./board/board.o
 .text.CLOCK_GetOscFreq
                0x00000000600036dc       0x30 ./board/board.o
 .text.BOARD_DebugConsoleSrcFreq
                0x000000006000370c       0x64 ./board/board.o
                0x000000006000370c                BOARD_DebugConsoleSrcFreq
 .text.BOARD_ConfigMPU
                0x0000000060003770      0x29c ./board/board.o
                0x0000000060003770                BOARD_ConfigMPU
 .text.CLOCK_SetMux
                0x0000000060003a0c       0x9c ./board/clock_config.o
 .text.CLOCK_SetDiv
                0x0000000060003aa8       0x9c ./board/clock_config.o
 .text.CLOCK_ControlGate
                0x0000000060003b44       0x64 ./board/clock_config.o
 .text.CLOCK_SetXtalFreq
                0x0000000060003ba8       0x20 ./board/clock_config.o
 .text.CLOCK_SetRtcXtalFreq
                0x0000000060003bc8       0x20 ./board/clock_config.o
 .text.IOMUXC_EnableMode
                0x0000000060003be8       0x48 ./board/clock_config.o
 .text.IOMUXC_MQSConfig
                0x0000000060003c30       0x44 ./board/clock_config.o
 .text.BOARD_BootClockRUN
                0x0000000060003c74      0x4ec ./board/clock_config.o
                0x0000000060003c74                BOARD_BootClockRUN
 .text.CLOCK_ControlGate
                0x0000000060004160       0x64 ./board/pin_mux.o
 .text.BOARD_InitPins
                0x00000000600041c4       0x78 ./board/pin_mux.o
                0x00000000600041c4                BOARD_InitPins
 .text.pvPortMalloc
                0x000000006000423c      0x184 ./amazon-freertos/freertos_kernel/portable/MemMang/heap_4.o
                0x000000006000423c                pvPortMalloc
 .text.vPortFree
                0x00000000600043c0       0xb0 ./amazon-freertos/freertos_kernel/portable/MemMang/heap_4.o
                0x00000000600043c0                vPortFree
 .text.prvHeapInit
                0x0000000060004470       0xc4 ./amazon-freertos/freertos_kernel/portable/MemMang/heap_4.o
 .text.prvInsertBlockIntoFreeList
                0x0000000060004534       0xb4 ./amazon-freertos/freertos_kernel/portable/MemMang/heap_4.o
 .text.pxPortInitialiseStack
                0x00000000600045e8       0x68 ./amazon-freertos/freertos_kernel/portable/GCC/ARM_CM4F/port.o
                0x00000000600045e8                pxPortInitialiseStack
 .text.prvTaskExitError
                0x0000000060004650       0x54 ./amazon-freertos/freertos_kernel/portable/GCC/ARM_CM4F/port.o
 .text.prvPortStartFirstTask
                0x00000000600046a4       0x28 ./amazon-freertos/freertos_kernel/portable/GCC/ARM_CM4F/port.o
 .text.xPortStartScheduler
                0x00000000600046cc      0x13c ./amazon-freertos/freertos_kernel/portable/GCC/ARM_CM4F/port.o
                0x00000000600046cc                xPortStartScheduler
 .text.vPortEnterCritical
                0x0000000060004808       0x5c ./amazon-freertos/freertos_kernel/portable/GCC/ARM_CM4F/port.o
                0x0000000060004808                vPortEnterCritical
 .text.vPortExitCritical
                0x0000000060004864       0x50 ./amazon-freertos/freertos_kernel/portable/GCC/ARM_CM4F/port.o
                0x0000000060004864                vPortExitCritical
 .text.SysTick_Handler
                0x00000000600048b4       0x40 ./amazon-freertos/freertos_kernel/portable/GCC/ARM_CM4F/port.o
                0x00000000600048b4                SysTick_Handler
 .text.vPortSetupTimerInterrupt
                0x00000000600048f4       0x48 ./amazon-freertos/freertos_kernel/portable/GCC/ARM_CM4F/port.o
                0x00000000600048f4                vPortSetupTimerInterrupt
 .text.vPortEnableVFP
                0x000000006000493c       0x14 ./amazon-freertos/freertos_kernel/portable/GCC/ARM_CM4F/port.o
 .text.vPortValidateInterruptPriority
                0x0000000060004950       0x7c ./amazon-freertos/freertos_kernel/portable/GCC/ARM_CM4F/port.o
                0x0000000060004950                vPortValidateInterruptPriority
 .text.xQueueGenericReset
                0x00000000600049cc       0xd0 ./amazon-freertos/freertos_kernel/queue.o
                0x00000000600049cc                xQueueGenericReset
 .text.xQueueGenericSend
                0x0000000060004a9c      0x1f4 ./amazon-freertos/freertos_kernel/queue.o
                0x0000000060004a9c                xQueueGenericSend
 .text.xQueueReceive
                0x0000000060004c90      0x1b8 ./amazon-freertos/freertos_kernel/queue.o
                0x0000000060004c90                xQueueReceive
 .text.vQueueAddToRegistry
                0x0000000060004e48       0x50 ./amazon-freertos/freertos_kernel/queue.o
                0x0000000060004e48                vQueueAddToRegistry
 .text.prvAddNewTaskToReadyList
                0x0000000060004e98       0xdc ./amazon-freertos/freertos_kernel/tasks.o
 .text.vTaskDelay
                0x0000000060004f74       0x68 ./amazon-freertos/freertos_kernel/tasks.o
                0x0000000060004f74                vTaskDelay
 .text.vTaskStartScheduler
                0x0000000060004fdc       0x98 ./amazon-freertos/freertos_kernel/tasks.o
                0x0000000060004fdc                vTaskStartScheduler
 .text.vTaskSuspendAll
                0x0000000060005074       0x1c ./amazon-freertos/freertos_kernel/tasks.o
                0x0000000060005074                vTaskSuspendAll
 .text.xTaskResumeAll
                0x0000000060005090      0x138 ./amazon-freertos/freertos_kernel/tasks.o
                0x0000000060005090                xTaskResumeAll
 .text.xTaskGetTickCount
                0x00000000600051c8       0x20 ./amazon-freertos/freertos_kernel/tasks.o
                0x00000000600051c8                xTaskGetTickCount
 .text.xTaskIncrementTick
                0x00000000600051e8      0x150 ./amazon-freertos/freertos_kernel/tasks.o
                0x00000000600051e8                xTaskIncrementTick
 .text.vTaskSwitchContext
                0x0000000060005338       0xb4 ./amazon-freertos/freertos_kernel/tasks.o
                0x0000000060005338                vTaskSwitchContext
 .text.vTaskPlaceOnEventList
                0x00000000600053ec       0x48 ./amazon-freertos/freertos_kernel/tasks.o
                0x00000000600053ec                vTaskPlaceOnEventList
 .text.vTaskPlaceOnEventListRestricted
                0x0000000060005434       0x54 ./amazon-freertos/freertos_kernel/tasks.o
                0x0000000060005434                vTaskPlaceOnEventListRestricted
 .text.xTaskRemoveFromEventList
                0x0000000060005488       0xc4 ./amazon-freertos/freertos_kernel/tasks.o
                0x0000000060005488                xTaskRemoveFromEventList
 .text.vTaskInternalSetTimeOutState
                0x000000006000554c       0x2c ./amazon-freertos/freertos_kernel/tasks.o
                0x000000006000554c                vTaskInternalSetTimeOutState
 .text.xTaskCheckForTimeOut
                0x0000000060005578       0xc0 ./amazon-freertos/freertos_kernel/tasks.o
                0x0000000060005578                xTaskCheckForTimeOut
 .text.vTaskMissedYield
                0x0000000060005638       0x18 ./amazon-freertos/freertos_kernel/tasks.o
                0x0000000060005638                vTaskMissedYield
 .text.prvIdleTask
                0x0000000060005650       0x34 ./amazon-freertos/freertos_kernel/tasks.o
 .text.prvInitialiseTaskLists
                0x0000000060005684       0x80 ./amazon-freertos/freertos_kernel/tasks.o
 .text.prvCheckTasksWaitingTermination
                0x0000000060005704       0x58 ./amazon-freertos/freertos_kernel/tasks.o
 .text.prvResetNextTaskUnblockTime
                0x000000006000575c       0x40 ./amazon-freertos/freertos_kernel/tasks.o
 .text.xTaskGetSchedulerState
                0x000000006000579c       0x3c ./amazon-freertos/freertos_kernel/tasks.o
                0x000000006000579c                xTaskGetSchedulerState
 .text.xTaskPriorityDisinherit
                0x00000000600057d8      0x108 ./amazon-freertos/freertos_kernel/tasks.o
                0x00000000600057d8                xTaskPriorityDisinherit
 .text.prvAddCurrentTaskToDelayedList
                0x00000000600058e0       0xcc ./amazon-freertos/freertos_kernel/tasks.o
 .text.xTimerCreateTimerTask
                0x00000000600059ac       0x60 ./amazon-freertos/freertos_kernel/timers.o
                0x00000000600059ac                xTimerCreateTimerTask
 .text.xTimerGenericCommand
                0x0000000060005a0c       0x98 ./amazon-freertos/freertos_kernel/timers.o
                0x0000000060005a0c                xTimerGenericCommand
 .text.prvProcessExpiredTimer
                0x0000000060005aa4       0x98 ./amazon-freertos/freertos_kernel/timers.o
 .text.prvProcessTimerOrBlockTask
                0x0000000060005b3c       0x9c ./amazon-freertos/freertos_kernel/timers.o
 .text.prvGetNextExpireTime
                0x0000000060005bd8       0x48 ./amazon-freertos/freertos_kernel/timers.o
 .text.prvSampleTimeNow
                0x0000000060005c20       0x40 ./amazon-freertos/freertos_kernel/timers.o
 .text.prvInsertTimerInActiveList
                0x0000000060005c60       0x84 ./amazon-freertos/freertos_kernel/timers.o
 .text.prvProcessReceivedCommands
                0x0000000060005ce4      0x1b8 ./amazon-freertos/freertos_kernel/timers.o
 .text.prvSwitchTimerLists
                0x0000000060005e9c       0xc8 ./amazon-freertos/freertos_kernel/timers.o
 .text.prvCheckForValidListAndQueue
                0x0000000060005f64       0x6c ./amazon-freertos/freertos_kernel/timers.o
 .text.malloc   0x0000000060005fd0       0xc8 /usr/local/mcuxpressoide-11.1.1_3241/ide/plugins/com.nxp.mcuxpresso.tools.linux_11.1.0.202001081728/tools/bin/../lib/gcc/arm-none-eabi/8.3.1/../../../../arm-none-eabi/lib/thumb/v7e-m+dp/hard/libcr_c.a(alloc.o)
                0x0000000060005fd0                malloc
 .text._Csys_alloc
                0x0000000060006098       0x20 /usr/local/mcuxpressoide-11.1.1_3241/ide/plugins/com.nxp.mcuxpresso.tools.linux_11.1.0.202001081728/tools/bin/../lib/gcc/arm-none-eabi/8.3.1/../../../../arm-none-eabi/lib/thumb/v7e-m+dp/hard/libcr_c.a(alloc.o)
                0x0000000060006098                _Csys_alloc
 .text._initio  0x00000000600060b8       0x78 /usr/local/mcuxpressoide-11.1.1_3241/ide/plugins/com.nxp.mcuxpresso.tools.linux_11.1.0.202001081728/tools/bin/../lib/gcc/arm-none-eabi/8.3.1/../../../../arm-none-eabi/lib/thumb/v7e-m+dp/hard/libcr_c.a(initio.o)
                0x00000000600060b8                _initio
 .text.__vfprintf
                0x0000000060006130      0xbdc /usr/local/mcuxpressoide-11.1.1_3241/ide/plugins/com.nxp.mcuxpresso.tools.linux_11.1.0.202001081728/tools/bin/../lib/gcc/arm-none-eabi/8.3.1/../../../../arm-none-eabi/lib/thumb/v7e-m+dp/hard/libcr_c.a(printf.o)
                0x0000000060006130                __vfprintf
 .text._vsnprintf
                0x0000000060006d0c       0x68 /usr/local/mcuxpressoide-11.1.1_3241/ide/plugins/com.nxp.mcuxpresso.tools.linux_11.1.0.202001081728/tools/bin/../lib/gcc/arm-none-eabi/8.3.1/../../../../arm-none-eabi/lib/thumb/v7e-m+dp/hard/libcr_c.a(printf.o)
                0x0000000060006d0c                _vsnprintf
 .text._printf  0x0000000060006d74       0x54 /usr/local/mcuxpressoide-11.1.1_3241/ide/plugins/com.nxp.mcuxpresso.tools.linux_11.1.0.202001081728/tools/bin/../lib/gcc/arm-none-eabi/8.3.1/../../../../arm-none-eabi/lib/thumb/v7e-m+dp/hard/libcr_c.a(printf.o)
                0x0000000060006d74                _printf
 .text.setvbuf  0x0000000060006dc8       0x40 /usr/local/mcuxpressoide-11.1.1_3241/ide/plugins/com.nxp.mcuxpresso.tools.linux_11.1.0.202001081728/tools/bin/../lib/gcc/arm-none-eabi/8.3.1/../../../../arm-none-eabi/lib/thumb/v7e-m+dp/hard/libcr_c.a(setvbuf.o)
                0x0000000060006dc8                setvbuf
 .text._sbrk    0x0000000060006e08       0x3c /usr/local/mcuxpressoide-11.1.1_3241/ide/plugins/com.nxp.mcuxpresso.tools.linux_11.1.0.202001081728/tools/bin/../lib/gcc/arm-none-eabi/8.3.1/../../../../arm-none-eabi/lib/thumb/v7e-m+dp/hard/libcr_c.a(_cr_sbrk.o)
                0x0000000060006e08                _sbrk
 .text._Cwritebuf
                0x0000000060006e44       0x6c /usr/local/mcuxpressoide-11.1.1_3241/ide/plugins/com.nxp.mcuxpresso.tools.linux_11.1.0.202001081728/tools/bin/../lib/gcc/arm-none-eabi/8.3.1/../../../../arm-none-eabi/lib/thumb/v7e-m+dp/hard/libcr_c.a(_writebuf.o)
                0x0000000060006e44                _Cwritebuf
 .text.fflush   0x0000000060006eb0       0x44 /usr/local/mcuxpressoide-11.1.1_3241/ide/plugins/com.nxp.mcuxpresso.tools.linux_11.1.0.202001081728/tools/bin/../lib/gcc/arm-none-eabi/8.3.1/../../../../arm-none-eabi/lib/thumb/v7e-m+dp/hard/libcr_c.a(fflush.o)
                0x0000000060006eb0                fflush
 .text.fseek    0x0000000060006ef4      0x100 /usr/local/mcuxpressoide-11.1.1_3241/ide/plugins/com.nxp.mcuxpresso.tools.linux_11.1.0.202001081728/tools/bin/../lib/gcc/arm-none-eabi/8.3.1/../../../../arm-none-eabi/lib/thumb/v7e-m+dp/hard/libcr_c.a(fseek.o)
                0x0000000060006ef4                fseek
 .text.ftell    0x0000000060006ff4       0x48 /usr/local/mcuxpressoide-11.1.1_3241/ide/plugins/com.nxp.mcuxpresso.tools.linux_11.1.0.202001081728/tools/bin/../lib/gcc/arm-none-eabi/8.3.1/../../../../arm-none-eabi/lib/thumb/v7e-m+dp/hard/libcr_c.a(ftell.o)
                0x0000000060006ff4                ftell
 .text.__check_heap_overflow
                0x000000006000703c       0x18 /usr/local/mcuxpressoide-11.1.1_3241/ide/plugins/com.nxp.mcuxpresso.tools.linux_11.1.0.202001081728/tools/bin/../lib/gcc/arm-none-eabi/8.3.1/../../../../arm-none-eabi/lib/thumb/v7e-m+dp/hard/libcr_c.a(_cr_check_heap.o)
                0x000000006000703c                __check_heap_overflow
 .text.__sys_appexit
                0x0000000060007054        0xc /usr/local/mcuxpressoide-11.1.1_3241/ide/plugins/com.nxp.mcuxpresso.tools.linux_11.1.0.202001081728/tools/bin/../lib/gcc/arm-none-eabi/8.3.1/../../../../arm-none-eabi/lib/thumb/v7e-m+dp/hard/libcr_semihost_nf.a(__sys_appexit.o)
                0x0000000060007054                __exit
                0x0000000060007054                __sys_appexit
 .text.DMA0_DMA16_IRQHandler
                0x0000000060007060        0x8 ./startup/startup_mimxrt1021.o
                0x0000000060007060                DMA0_DMA16_IRQHandler
 .text.DMA1_DMA17_IRQHandler
                0x0000000060007068        0x8 ./startup/startup_mimxrt1021.o
                0x0000000060007068                DMA1_DMA17_IRQHandler
 .text.DMA2_DMA18_IRQHandler
                0x0000000060007070        0x8 ./startup/startup_mimxrt1021.o
                0x0000000060007070                DMA2_DMA18_IRQHandler
 .text.DMA3_DMA19_IRQHandler
                0x0000000060007078        0x8 ./startup/startup_mimxrt1021.o
                0x0000000060007078                DMA3_DMA19_IRQHandler
 .text.DMA4_DMA20_IRQHandler
                0x0000000060007080        0x8 ./startup/startup_mimxrt1021.o
                0x0000000060007080                DMA4_DMA20_IRQHandler
 .text.DMA5_DMA21_IRQHandler
                0x0000000060007088        0x8 ./startup/startup_mimxrt1021.o
                0x0000000060007088                DMA5_DMA21_IRQHandler
 .text.DMA6_DMA22_IRQHandler
                0x0000000060007090        0x8 ./startup/startup_mimxrt1021.o
                0x0000000060007090                DMA6_DMA22_IRQHandler
 .text.DMA7_DMA23_IRQHandler
                0x0000000060007098        0x8 ./startup/startup_mimxrt1021.o
                0x0000000060007098                DMA7_DMA23_IRQHandler
 .text.DMA8_DMA24_IRQHandler
                0x00000000600070a0        0x8 ./startup/startup_mimxrt1021.o
                0x00000000600070a0                DMA8_DMA24_IRQHandler
 .text.DMA9_DMA25_IRQHandler
                0x00000000600070a8        0x8 ./startup/startup_mimxrt1021.o
                0x00000000600070a8                DMA9_DMA25_IRQHandler
 .text.DMA10_DMA26_IRQHandler
                0x00000000600070b0        0x8 ./startup/startup_mimxrt1021.o
                0x00000000600070b0                DMA10_DMA26_IRQHandler
 .text.DMA11_DMA27_IRQHandler
                0x00000000600070b8        0x8 ./startup/startup_mimxrt1021.o
                0x00000000600070b8                DMA11_DMA27_IRQHandler
 .text.DMA12_DMA28_IRQHandler
                0x00000000600070c0        0x8 ./startup/startup_mimxrt1021.o
                0x00000000600070c0                DMA12_DMA28_IRQHandler
 .text.DMA13_DMA29_IRQHandler
                0x00000000600070c8        0x8 ./startup/startup_mimxrt1021.o
                0x00000000600070c8                DMA13_DMA29_IRQHandler
 .text.DMA14_DMA30_IRQHandler
                0x00000000600070d0        0x8 ./startup/startup_mimxrt1021.o
                0x00000000600070d0                DMA14_DMA30_IRQHandler
 .text.DMA15_DMA31_IRQHandler
                0x00000000600070d8        0x8 ./startup/startup_mimxrt1021.o
                0x00000000600070d8                DMA15_DMA31_IRQHandler
 .text.DMA_ERROR_IRQHandler
                0x00000000600070e0        0x8 ./startup/startup_mimxrt1021.o
                0x00000000600070e0                DMA_ERROR_IRQHandler
 .text.CTI0_ERROR_IRQHandler
                0x00000000600070e8        0x8 ./startup/startup_mimxrt1021.o
                0x00000000600070e8                CTI0_ERROR_IRQHandler
 .text.CTI1_ERROR_IRQHandler
                0x00000000600070f0        0x8 ./startup/startup_mimxrt1021.o
                0x00000000600070f0                CTI1_ERROR_IRQHandler
 .text.CORE_IRQHandler
                0x00000000600070f8        0x8 ./startup/startup_mimxrt1021.o
                0x00000000600070f8                CORE_IRQHandler
 .text.LPUART1_IRQHandler
                0x0000000060007100        0x8 ./startup/startup_mimxrt1021.o
                0x0000000060007100                LPUART1_IRQHandler
 .text.LPUART2_IRQHandler
                0x0000000060007108        0x8 ./startup/startup_mimxrt1021.o
                0x0000000060007108                LPUART2_IRQHandler
 .text.LPUART3_IRQHandler
                0x0000000060007110        0x8 ./startup/startup_mimxrt1021.o
                0x0000000060007110                LPUART3_IRQHandler
 .text.LPUART4_IRQHandler
                0x0000000060007118        0x8 ./startup/startup_mimxrt1021.o
                0x0000000060007118                LPUART4_IRQHandler
 .text.LPUART5_IRQHandler
                0x0000000060007120        0x8 ./startup/startup_mimxrt1021.o
                0x0000000060007120                LPUART5_IRQHandler
 .text.LPUART6_IRQHandler
                0x0000000060007128        0x8 ./startup/startup_mimxrt1021.o
                0x0000000060007128                LPUART6_IRQHandler
 .text.LPUART7_IRQHandler
                0x0000000060007130        0x8 ./startup/startup_mimxrt1021.o
                0x0000000060007130                LPUART7_IRQHandler
 .text.LPUART8_IRQHandler
                0x0000000060007138        0x8 ./startup/startup_mimxrt1021.o
                0x0000000060007138                LPUART8_IRQHandler
 .text.LPI2C1_IRQHandler
                0x0000000060007140        0x8 ./startup/startup_mimxrt1021.o
                0x0000000060007140                LPI2C1_IRQHandler
 .text.LPI2C2_IRQHandler
                0x0000000060007148        0x8 ./startup/startup_mimxrt1021.o
                0x0000000060007148                LPI2C2_IRQHandler
 .text.LPI2C3_IRQHandler
                0x0000000060007150        0x8 ./startup/startup_mimxrt1021.o
                0x0000000060007150                LPI2C3_IRQHandler
 .text.LPI2C4_IRQHandler
                0x0000000060007158        0x8 ./startup/startup_mimxrt1021.o
                0x0000000060007158                LPI2C4_IRQHandler
 .text.LPSPI1_IRQHandler
                0x0000000060007160        0x8 ./startup/startup_mimxrt1021.o
                0x0000000060007160                LPSPI1_IRQHandler
 .text.LPSPI2_IRQHandler
                0x0000000060007168        0x8 ./startup/startup_mimxrt1021.o
                0x0000000060007168                LPSPI2_IRQHandler
 .text.LPSPI3_IRQHandler
                0x0000000060007170        0x8 ./startup/startup_mimxrt1021.o
                0x0000000060007170                LPSPI3_IRQHandler
 .text.LPSPI4_IRQHandler
                0x0000000060007178        0x8 ./startup/startup_mimxrt1021.o
                0x0000000060007178                LPSPI4_IRQHandler
 .text.CAN1_IRQHandler
                0x0000000060007180        0x8 ./startup/startup_mimxrt1021.o
                0x0000000060007180                CAN1_IRQHandler
 .text.CAN2_IRQHandler
                0x0000000060007188        0x8 ./startup/startup_mimxrt1021.o
                0x0000000060007188                CAN2_IRQHandler
 .text.FLEXRAM_IRQHandler
                0x0000000060007190        0x8 ./startup/startup_mimxrt1021.o
                0x0000000060007190                FLEXRAM_IRQHandler
 .text.KPP_IRQHandler
                0x0000000060007198        0x8 ./startup/startup_mimxrt1021.o
                0x0000000060007198                KPP_IRQHandler
 .text.Reserved56_IRQHandler
                0x00000000600071a0        0x8 ./startup/startup_mimxrt1021.o
                0x00000000600071a0                Reserved56_IRQHandler
 .text.GPR_IRQ_IRQHandler
                0x00000000600071a8        0x8 ./startup/startup_mimxrt1021.o
                0x00000000600071a8                GPR_IRQ_IRQHandler
 .text.Reserved58_IRQHandler
                0x00000000600071b0        0x8 ./startup/startup_mimxrt1021.o
                0x00000000600071b0                Reserved58_IRQHandler
 .text.Reserved59_IRQHandler
                0x00000000600071b8        0x8 ./startup/startup_mimxrt1021.o
                0x00000000600071b8                Reserved59_IRQHandler
 .text.Reserved60_IRQHandler
                0x00000000600071c0        0x8 ./startup/startup_mimxrt1021.o
                0x00000000600071c0                Reserved60_IRQHandler
 .text.WDOG2_IRQHandler
                0x00000000600071c8        0x8 ./startup/startup_mimxrt1021.o
                0x00000000600071c8                WDOG2_IRQHandler
 .text.SNVS_HP_WRAPPER_IRQHandler
                0x00000000600071d0        0x8 ./startup/startup_mimxrt1021.o
                0x00000000600071d0                SNVS_HP_WRAPPER_IRQHandler
 .text.SNVS_HP_WRAPPER_TZ_IRQHandler
                0x00000000600071d8        0x8 ./startup/startup_mimxrt1021.o
                0x00000000600071d8                SNVS_HP_WRAPPER_TZ_IRQHandler
 .text.SNVS_LP_WRAPPER_IRQHandler
                0x00000000600071e0        0x8 ./startup/startup_mimxrt1021.o
                0x00000000600071e0                SNVS_LP_WRAPPER_IRQHandler
 .text.CSU_IRQHandler
                0x00000000600071e8        0x8 ./startup/startup_mimxrt1021.o
                0x00000000600071e8                CSU_IRQHandler
 .text.DCP_IRQHandler
                0x00000000600071f0        0x8 ./startup/startup_mimxrt1021.o
                0x00000000600071f0                DCP_IRQHandler
 .text.DCP_VMI_IRQHandler
                0x00000000600071f8        0x8 ./startup/startup_mimxrt1021.o
                0x00000000600071f8                DCP_VMI_IRQHandler
 .text.Reserved68_IRQHandler
                0x0000000060007200        0x8 ./startup/startup_mimxrt1021.o
                0x0000000060007200                Reserved68_IRQHandler
 .text.TRNG_IRQHandler
                0x0000000060007208        0x8 ./startup/startup_mimxrt1021.o
                0x0000000060007208                TRNG_IRQHandler
 .text.Reserved70_IRQHandler
                0x0000000060007210        0x8 ./startup/startup_mimxrt1021.o
                0x0000000060007210                Reserved70_IRQHandler
 .text.BEE_IRQHandler
                0x0000000060007218        0x8 ./startup/startup_mimxrt1021.o
                0x0000000060007218                BEE_IRQHandler
 .text.SAI1_IRQHandler
                0x0000000060007220        0x8 ./startup/startup_mimxrt1021.o
                0x0000000060007220                SAI1_IRQHandler
 .text.SAI2_IRQHandler
                0x0000000060007228        0x8 ./startup/startup_mimxrt1021.o
                0x0000000060007228                SAI2_IRQHandler
 .text.SAI3_RX_IRQHandler
                0x0000000060007230        0x8 ./startup/startup_mimxrt1021.o
                0x0000000060007230                SAI3_RX_IRQHandler
 .text.SAI3_TX_IRQHandler
                0x0000000060007238        0x8 ./startup/startup_mimxrt1021.o
                0x0000000060007238                SAI3_TX_IRQHandler
 .text.SPDIF_IRQHandler
                0x0000000060007240        0x8 ./startup/startup_mimxrt1021.o
                0x0000000060007240                SPDIF_IRQHandler
 .text.PMU_IRQHandler
                0x0000000060007248        0x8 ./startup/startup_mimxrt1021.o
                0x0000000060007248                PMU_IRQHandler
 .text.Reserved78_IRQHandler
                0x0000000060007250        0x8 ./startup/startup_mimxrt1021.o
                0x0000000060007250                Reserved78_IRQHandler
 .text.TEMP_LOW_HIGH_IRQHandler
                0x0000000060007258        0x8 ./startup/startup_mimxrt1021.o
                0x0000000060007258                TEMP_LOW_HIGH_IRQHandler
 .text.TEMP_PANIC_IRQHandler
                0x0000000060007260        0x8 ./startup/startup_mimxrt1021.o
                0x0000000060007260                TEMP_PANIC_IRQHandler
 .text.USB_PHY_IRQHandler
                0x0000000060007268        0x8 ./startup/startup_mimxrt1021.o
                0x0000000060007268                USB_PHY_IRQHandler
 .text.Reserved82_IRQHandler
                0x0000000060007270        0x8 ./startup/startup_mimxrt1021.o
                0x0000000060007270                Reserved82_IRQHandler
 .text.ADC1_IRQHandler
                0x0000000060007278        0x8 ./startup/startup_mimxrt1021.o
                0x0000000060007278                ADC1_IRQHandler
 .text.ADC2_IRQHandler
                0x0000000060007280        0x8 ./startup/startup_mimxrt1021.o
                0x0000000060007280                ADC2_IRQHandler
 .text.DCDC_IRQHandler
                0x0000000060007288        0x8 ./startup/startup_mimxrt1021.o
                0x0000000060007288                DCDC_IRQHandler
 .text.Reserved86_IRQHandler
                0x0000000060007290        0x8 ./startup/startup_mimxrt1021.o
                0x0000000060007290                Reserved86_IRQHandler
 .text.Reserved87_IRQHandler
                0x0000000060007298        0x8 ./startup/startup_mimxrt1021.o
                0x0000000060007298                Reserved87_IRQHandler
 .text.GPIO1_INT0_IRQHandler
                0x00000000600072a0        0x8 ./startup/startup_mimxrt1021.o
                0x00000000600072a0                GPIO1_INT0_IRQHandler
 .text.GPIO1_INT1_IRQHandler
                0x00000000600072a8        0x8 ./startup/startup_mimxrt1021.o
                0x00000000600072a8                GPIO1_INT1_IRQHandler
 .text.GPIO1_INT2_IRQHandler
                0x00000000600072b0        0x8 ./startup/startup_mimxrt1021.o
                0x00000000600072b0                GPIO1_INT2_IRQHandler
 .text.GPIO1_INT3_IRQHandler
                0x00000000600072b8        0x8 ./startup/startup_mimxrt1021.o
                0x00000000600072b8                GPIO1_INT3_IRQHandler
 .text.GPIO1_INT4_IRQHandler
                0x00000000600072c0        0x8 ./startup/startup_mimxrt1021.o
                0x00000000600072c0                GPIO1_INT4_IRQHandler
 .text.GPIO1_INT5_IRQHandler
                0x00000000600072c8        0x8 ./startup/startup_mimxrt1021.o
                0x00000000600072c8                GPIO1_INT5_IRQHandler
 .text.GPIO1_INT6_IRQHandler
                0x00000000600072d0        0x8 ./startup/startup_mimxrt1021.o
                0x00000000600072d0                GPIO1_INT6_IRQHandler
 .text.GPIO1_INT7_IRQHandler
                0x00000000600072d8        0x8 ./startup/startup_mimxrt1021.o
                0x00000000600072d8                GPIO1_INT7_IRQHandler
 .text.GPIO1_Combined_0_15_IRQHandler
                0x00000000600072e0        0x8 ./startup/startup_mimxrt1021.o
                0x00000000600072e0                GPIO1_Combined_0_15_IRQHandler
 .text.GPIO1_Combined_16_31_IRQHandler
                0x00000000600072e8        0x8 ./startup/startup_mimxrt1021.o
                0x00000000600072e8                GPIO1_Combined_16_31_IRQHandler
 .text.GPIO2_Combined_0_15_IRQHandler
                0x00000000600072f0        0x8 ./startup/startup_mimxrt1021.o
                0x00000000600072f0                GPIO2_Combined_0_15_IRQHandler
 .text.GPIO2_Combined_16_31_IRQHandler
                0x00000000600072f8        0x8 ./startup/startup_mimxrt1021.o
                0x00000000600072f8                GPIO2_Combined_16_31_IRQHandler
 .text.GPIO3_Combined_0_15_IRQHandler
                0x0000000060007300        0x8 ./startup/startup_mimxrt1021.o
                0x0000000060007300                GPIO3_Combined_0_15_IRQHandler
 .text.GPIO3_Combined_16_31_IRQHandler
                0x0000000060007308        0x8 ./startup/startup_mimxrt1021.o
                0x0000000060007308                GPIO3_Combined_16_31_IRQHandler
 .text.Reserved102_IRQHandler
                0x0000000060007310        0x8 ./startup/startup_mimxrt1021.o
                0x0000000060007310                Reserved102_IRQHandler
 .text.Reserved103_IRQHandler
                0x0000000060007318        0x8 ./startup/startup_mimxrt1021.o
                0x0000000060007318                Reserved103_IRQHandler
 .text.GPIO5_Combined_0_15_IRQHandler
                0x0000000060007320        0x8 ./startup/startup_mimxrt1021.o
                0x0000000060007320                GPIO5_Combined_0_15_IRQHandler
 .text.GPIO5_Combined_16_31_IRQHandler
                0x0000000060007328        0x8 ./startup/startup_mimxrt1021.o
                0x0000000060007328                GPIO5_Combined_16_31_IRQHandler
 .text.FLEXIO1_IRQHandler
                0x0000000060007330        0x8 ./startup/startup_mimxrt1021.o
                0x0000000060007330                FLEXIO1_IRQHandler
 .text.Reserved107_IRQHandler
                0x0000000060007338        0x8 ./startup/startup_mimxrt1021.o
                0x0000000060007338                Reserved107_IRQHandler
 .text.WDOG1_IRQHandler
                0x0000000060007340        0x8 ./startup/startup_mimxrt1021.o
                0x0000000060007340                WDOG1_IRQHandler
 .text.RTWDOG_IRQHandler
                0x0000000060007348        0x8 ./startup/startup_mimxrt1021.o
                0x0000000060007348                RTWDOG_IRQHandler
 .text.EWM_IRQHandler
                0x0000000060007350        0x8 ./startup/startup_mimxrt1021.o
                0x0000000060007350                EWM_IRQHandler
 .text.CCM_1_IRQHandler
                0x0000000060007358        0x8 ./startup/startup_mimxrt1021.o
                0x0000000060007358                CCM_1_IRQHandler
 .text.CCM_2_IRQHandler
                0x0000000060007360        0x8 ./startup/startup_mimxrt1021.o
                0x0000000060007360                CCM_2_IRQHandler
 .text.GPC_IRQHandler
                0x0000000060007368        0x8 ./startup/startup_mimxrt1021.o
                0x0000000060007368                GPC_IRQHandler
 .text.SRC_IRQHandler
                0x0000000060007370        0x8 ./startup/startup_mimxrt1021.o
                0x0000000060007370                SRC_IRQHandler
 .text.Reserved115_IRQHandler
                0x0000000060007378        0x8 ./startup/startup_mimxrt1021.o
                0x0000000060007378                Reserved115_IRQHandler
 .text.GPT1_IRQHandler
                0x0000000060007380        0x8 ./startup/startup_mimxrt1021.o
                0x0000000060007380                GPT1_IRQHandler
 .text.PWM1_0_IRQHandler
                0x0000000060007388        0x8 ./startup/startup_mimxrt1021.o
                0x0000000060007388                PWM1_0_IRQHandler
 .text.PWM1_1_IRQHandler
                0x0000000060007390        0x8 ./startup/startup_mimxrt1021.o
                0x0000000060007390                PWM1_1_IRQHandler
 .text.PWM1_2_IRQHandler
                0x0000000060007398        0x8 ./startup/startup_mimxrt1021.o
                0x0000000060007398                PWM1_2_IRQHandler
 .text.PWM1_3_IRQHandler
                0x00000000600073a0        0x8 ./startup/startup_mimxrt1021.o
                0x00000000600073a0                PWM1_3_IRQHandler
 .text.PWM1_FAULT_IRQHandler
                0x00000000600073a8        0x8 ./startup/startup_mimxrt1021.o
                0x00000000600073a8                PWM1_FAULT_IRQHandler
 .text.Reserved123_IRQHandler
                0x00000000600073b0        0x8 ./startup/startup_mimxrt1021.o
                0x00000000600073b0                Reserved123_IRQHandler
 .text.FLEXSPI_IRQHandler
                0x00000000600073b8        0x8 ./startup/startup_mimxrt1021.o
                0x00000000600073b8                FLEXSPI_IRQHandler
 .text.SEMC_IRQHandler
                0x00000000600073c0        0x8 ./startup/startup_mimxrt1021.o
                0x00000000600073c0                SEMC_IRQHandler
 .text.USDHC1_IRQHandler
                0x00000000600073c8        0x8 ./startup/startup_mimxrt1021.o
                0x00000000600073c8                USDHC1_IRQHandler
 .text.USDHC2_IRQHandler
                0x00000000600073d0        0x8 ./startup/startup_mimxrt1021.o
                0x00000000600073d0                USDHC2_IRQHandler
 .text.Reserved128_IRQHandler
                0x00000000600073d8        0x8 ./startup/startup_mimxrt1021.o
                0x00000000600073d8                Reserved128_IRQHandler
 .text.USB_OTG1_IRQHandler
                0x00000000600073e0        0x8 ./startup/startup_mimxrt1021.o
                0x00000000600073e0                USB_OTG1_IRQHandler
 .text.ENET_IRQHandler
                0x00000000600073e8        0x8 ./startup/startup_mimxrt1021.o
                0x00000000600073e8                ENET_IRQHandler
 .text.ENET_1588_Timer_IRQHandler
                0x00000000600073f0        0x8 ./startup/startup_mimxrt1021.o
                0x00000000600073f0                ENET_1588_Timer_IRQHandler
 .text.XBAR1_IRQ_0_1_IRQHandler
                0x00000000600073f8        0x8 ./startup/startup_mimxrt1021.o
                0x00000000600073f8                XBAR1_IRQ_0_1_IRQHandler
 .text.XBAR1_IRQ_2_3_IRQHandler
                0x0000000060007400        0x8 ./startup/startup_mimxrt1021.o
                0x0000000060007400                XBAR1_IRQ_2_3_IRQHandler
 .text.ADC_ETC_IRQ0_IRQHandler
                0x0000000060007408        0x8 ./startup/startup_mimxrt1021.o
                0x0000000060007408                ADC_ETC_IRQ0_IRQHandler
 .text.ADC_ETC_IRQ1_IRQHandler
                0x0000000060007410        0x8 ./startup/startup_mimxrt1021.o
                0x0000000060007410                ADC_ETC_IRQ1_IRQHandler
 .text.ADC_ETC_IRQ2_IRQHandler
                0x0000000060007418        0x8 ./startup/startup_mimxrt1021.o
                0x0000000060007418                ADC_ETC_IRQ2_IRQHandler
 .text.ADC_ETC_ERROR_IRQ_IRQHandler
                0x0000000060007420        0x8 ./startup/startup_mimxrt1021.o
                0x0000000060007420                ADC_ETC_ERROR_IRQ_IRQHandler
 .text.PIT_IRQHandler
                0x0000000060007428        0x8 ./startup/startup_mimxrt1021.o
                0x0000000060007428                PIT_IRQHandler
 .text.ACMP1_IRQHandler
                0x0000000060007430        0x8 ./startup/startup_mimxrt1021.o
                0x0000000060007430                ACMP1_IRQHandler
 .text.ACMP2_IRQHandler
                0x0000000060007438        0x8 ./startup/startup_mimxrt1021.o
                0x0000000060007438                ACMP2_IRQHandler
 .text.ACMP3_IRQHandler
                0x0000000060007440        0x8 ./startup/startup_mimxrt1021.o
                0x0000000060007440                ACMP3_IRQHandler
 .text.ACMP4_IRQHandler
                0x0000000060007448        0x8 ./startup/startup_mimxrt1021.o
                0x0000000060007448                ACMP4_IRQHandler
 .text.Reserved143_IRQHandler
                0x0000000060007450        0x8 ./startup/startup_mimxrt1021.o
                0x0000000060007450                Reserved143_IRQHandler
 .text.Reserved144_IRQHandler
                0x0000000060007458        0x8 ./startup/startup_mimxrt1021.o
                0x0000000060007458                Reserved144_IRQHandler
 .text.ENC1_IRQHandler
                0x0000000060007460        0x8 ./startup/startup_mimxrt1021.o
                0x0000000060007460                ENC1_IRQHandler
 .text.ENC2_IRQHandler
                0x0000000060007468        0x8 ./startup/startup_mimxrt1021.o
                0x0000000060007468                ENC2_IRQHandler
 .text.Reserved147_IRQHandler
                0x0000000060007470        0x8 ./startup/startup_mimxrt1021.o
                0x0000000060007470                Reserved147_IRQHandler
 .text.Reserved148_IRQHandler
                0x0000000060007478        0x8 ./startup/startup_mimxrt1021.o
                0x0000000060007478                Reserved148_IRQHandler
 .text.TMR1_IRQHandler
                0x0000000060007480        0x8 ./startup/startup_mimxrt1021.o
                0x0000000060007480                TMR1_IRQHandler
 .text.TMR2_IRQHandler
                0x0000000060007488        0x8 ./startup/startup_mimxrt1021.o
                0x0000000060007488                TMR2_IRQHandler
 .text.Reserved151_IRQHandler
                0x0000000060007490        0x8 ./startup/startup_mimxrt1021.o
                0x0000000060007490                Reserved151_IRQHandler
 .text.Reserved152_IRQHandler
                0x0000000060007498        0x8 ./startup/startup_mimxrt1021.o
                0x0000000060007498                Reserved152_IRQHandler
 .text.PWM2_0_IRQHandler
                0x00000000600074a0        0x8 ./startup/startup_mimxrt1021.o
                0x00000000600074a0                PWM2_0_IRQHandler
 .text.PWM2_1_IRQHandler
                0x00000000600074a8        0x8 ./startup/startup_mimxrt1021.o
                0x00000000600074a8                PWM2_1_IRQHandler
 .text.PWM2_2_IRQHandler
                0x00000000600074b0        0x8 ./startup/startup_mimxrt1021.o
                0x00000000600074b0                PWM2_2_IRQHandler
 .text.PWM2_3_IRQHandler
                0x00000000600074b8        0x8 ./startup/startup_mimxrt1021.o
                0x00000000600074b8                PWM2_3_IRQHandler
 .text.PWM2_FAULT_IRQHandler
                0x00000000600074c0        0x8 ./startup/startup_mimxrt1021.o
                0x00000000600074c0                PWM2_FAULT_IRQHandler
 .text.HardFault_Handler
                0x00000000600074c8       0x2c ./source/semihost_hardfault.o
                0x00000000600074c8                HardFault_Handler
 .text.EnableIRQ
                0x00000000600074f4       0x2c ./source/timing.o
 .text.GPT_StartTimer
                0x0000000060007520       0x20 ./source/timing.o
 .text.GPT_EnableInterrupts
                0x0000000060007540       0x22 ./source/timing.o
 .text.GPT_ClearStatusFlags
                0x0000000060007562       0x1e ./source/timing.o
 .text.vApplicationIdleHook
                0x0000000060007580        0xc ./source/timing.o
                0x0000000060007580                vApplicationIdleHook
 .text.CLOCK_GetRtcFreq
                0x000000006000758c       0x12 ./drivers/fsl_clock.o
 .text.CLOCK_IsPllBypassed
                0x000000006000759e       0x32 ./drivers/fsl_clock.o
 .text.CLOCK_IsPllEnabled
                0x00000000600075d0       0x3c ./drivers/fsl_clock.o
 .text.CLOCK_GetPllBypassRefClk
                0x000000006000760c       0x34 ./drivers/fsl_clock.o
 .text.CLOCK_EnableClock
                0x0000000060007640       0x1e ./drivers/fsl_gpt.o
 .text.GPT_SoftwareReset
                0x000000006000765e       0x30 ./drivers/fsl_gpt.o
 .text.GPT_SetClockSource
                0x000000006000768e       0x50 ./drivers/fsl_gpt.o
 .text.SystemInitHook
                0x00000000600076de        0xe ./device/system_MIMXRT1021.o
                0x00000000600076de                SystemInitHook
 .text.DbgConsole_Init
                0x00000000600076ec       0x20 ./board/board.o
 .text.BOARD_InitDebugConsole
                0x000000006000770c       0x22 ./board/board.o
                0x000000006000770c                BOARD_InitDebugConsole
 .text.CLOCK_DisableClock
                0x000000006000772e       0x1e ./board/clock_config.o
 .text.CLOCK_SetPllBypass
                0x000000006000774c       0x4e ./board/clock_config.o
 .text.IOMUXC_SetSaiMClkClockSource
                0x000000006000779a       0x6c ./board/clock_config.o
 .text.CLOCK_EnableClock
                0x0000000060007806       0x1e ./board/pin_mux.o
 .text.IOMUXC_SetPinMux
                0x0000000060007824       0x3a ./board/pin_mux.o
 .text.IOMUXC_SetPinConfig
                0x000000006000785e       0x26 ./board/pin_mux.o
 .text.vListInitialise
                0x0000000060007884       0x40 ./amazon-freertos/freertos_kernel/list.o
                0x0000000060007884                vListInitialise
 .text.vListInitialiseItem
                0x00000000600078c4       0x1a ./amazon-freertos/freertos_kernel/list.o
                0x00000000600078c4                vListInitialiseItem
 .text.vListInsertEnd
                0x00000000600078de       0x48 ./amazon-freertos/freertos_kernel/list.o
                0x00000000600078de                vListInsertEnd
 .text.vListInsert
                0x0000000060007926       0x72 ./amazon-freertos/freertos_kernel/list.o
                0x0000000060007926                vListInsert
 .text.uxListRemove
                0x0000000060007998       0x54 ./amazon-freertos/freertos_kernel/list.o
                0x0000000060007998                uxListRemove
 .text.xQueueGenericCreate
                0x00000000600079ec       0x76 ./amazon-freertos/freertos_kernel/queue.o
                0x00000000600079ec                xQueueGenericCreate
 .text.prvInitialiseNewQueue
                0x0000000060007a62       0x46 ./amazon-freertos/freertos_kernel/queue.o
 .text.xQueueGenericSendFromISR
                0x0000000060007aa8      0x128 ./amazon-freertos/freertos_kernel/queue.o
                0x0000000060007aa8                xQueueGenericSendFromISR
 .text.prvCopyDataToQueue
                0x0000000060007bd0       0xd4 ./amazon-freertos/freertos_kernel/queue.o
 .text.prvCopyDataFromQueue
                0x0000000060007ca4       0x4c ./amazon-freertos/freertos_kernel/queue.o
 .text.prvUnlockQueue
                0x0000000060007cf0       0xa4 ./amazon-freertos/freertos_kernel/queue.o
 .text.prvIsQueueEmpty
                0x0000000060007d94       0x2c ./amazon-freertos/freertos_kernel/queue.o
 .text.prvIsQueueFull
                0x0000000060007dc0       0x30 ./amazon-freertos/freertos_kernel/queue.o
 .text.vQueueWaitForMessageRestricted
                0x0000000060007df0       0x68 ./amazon-freertos/freertos_kernel/queue.o
                0x0000000060007df0                vQueueWaitForMessageRestricted
 .text.xTaskCreate
                0x0000000060007e58       0x82 ./amazon-freertos/freertos_kernel/tasks.o
                0x0000000060007e58                xTaskCreate
 .text.prvInitialiseNewTask
                0x0000000060007eda      0x142 ./amazon-freertos/freertos_kernel/tasks.o
 .text.prvDeleteTCB
                0x000000006000801c       0x20 ./amazon-freertos/freertos_kernel/tasks.o
 .text.prvTimerTask
                0x000000006000803c       0x24 ./amazon-freertos/freertos_kernel/timers.o
 .text.__main   0x0000000060008060        0xe /usr/local/mcuxpressoide-11.1.1_3241/ide/plugins/com.nxp.mcuxpresso.tools.linux_11.1.0.202001081728/tools/bin/../lib/gcc/arm-none-eabi/8.3.1/../../../../arm-none-eabi/lib/thumb/v7e-m+dp/hard/libcr_semihost_nf.a(_cr__main.o)
                0x0000000060008060                __main
                0x0000000060008060                __CR_SEMIHOST
 .text.memcpy   0x000000006000806e        0x4 /usr/local/mcuxpressoide-11.1.1_3241/ide/plugins/com.nxp.mcuxpresso.tools.linux_11.1.0.202001081728/tools/bin/../lib/gcc/arm-none-eabi/8.3.1/../../../../arm-none-eabi/lib/thumb/v7e-m+dp/hard/libcr_c.a(memcpy.o)
                0x000000006000806e                memcpy
 .text.memset   0x0000000060008072        0x4 /usr/local/mcuxpressoide-11.1.1_3241/ide/plugins/com.nxp.mcuxpresso.tools.linux_11.1.0.202001081728/tools/bin/../lib/gcc/arm-none-eabi/8.3.1/../../../../arm-none-eabi/lib/thumb/v7e-m+dp/hard/libcr_c.a(memset.o)
                0x0000000060008072                memset
 .text.free     0x0000000060008076       0x30 /usr/local/mcuxpressoide-11.1.1_3241/ide/plugins/com.nxp.mcuxpresso.tools.linux_11.1.0.202001081728/tools/bin/../lib/gcc/arm-none-eabi/8.3.1/../../../../arm-none-eabi/lib/thumb/v7e-m+dp/hard/libcr_c.a(alloc.o)
                0x0000000060008076                free
 .text.no_fp_display
                0x00000000600080a6        0x4 /usr/local/mcuxpressoide-11.1.1_3241/ide/plugins/com.nxp.mcuxpresso.tools.linux_11.1.0.202001081728/tools/bin/../lib/gcc/arm-none-eabi/8.3.1/../../../../arm-none-eabi/lib/thumb/v7e-m+dp/hard/libcr_c.a(printf.o)
 .text.strlen   0x00000000600080aa       0x4c /usr/local/mcuxpressoide-11.1.1_3241/ide/plugins/com.nxp.mcuxpresso.tools.linux_11.1.0.202001081728/tools/bin/../lib/gcc/arm-none-eabi/8.3.1/../../../../arm-none-eabi/lib/thumb/v7e-m+dp/hard/libcr_c.a(strlen.o)
                0x00000000600080aa                strlen
 .text._deferredlazyseek
                0x00000000600080f6       0x40 /usr/local/mcuxpressoide-11.1.1_3241/ide/plugins/com.nxp.mcuxpresso.tools.linux_11.1.0.202001081728/tools/bin/../lib/gcc/arm-none-eabi/8.3.1/../../../../arm-none-eabi/lib/thumb/v7e-m+dp/hard/libcr_c.a(_deferredlazyseek.o)
                0x00000000600080f6                _deferredlazyseek
 .text.__flsbuf
                0x0000000060008136      0x140 /usr/local/mcuxpressoide-11.1.1_3241/ide/plugins/com.nxp.mcuxpresso.tools.linux_11.1.0.202001081728/tools/bin/../lib/gcc/arm-none-eabi/8.3.1/../../../../arm-none-eabi/lib/thumb/v7e-m+dp/hard/libcr_c.a(_deferredlazyseek.o)
                0x0000000060008136                __flsbuf
 .text._fdopen  0x0000000060008276       0x68 /usr/local/mcuxpressoide-11.1.1_3241/ide/plugins/com.nxp.mcuxpresso.tools.linux_11.1.0.202001081728/tools/bin/../lib/gcc/arm-none-eabi/8.3.1/../../../../arm-none-eabi/lib/thumb/v7e-m+dp/hard/libcr_c.a(_fdopen.o)
                0x0000000060008276                _fdopen
 .text._fflush  0x00000000600082de       0x52 /usr/local/mcuxpressoide-11.1.1_3241/ide/plugins/com.nxp.mcuxpresso.tools.linux_11.1.0.202001081728/tools/bin/../lib/gcc/arm-none-eabi/8.3.1/../../../../arm-none-eabi/lib/thumb/v7e-m+dp/hard/libcr_c.a(_fflush.o)
                0x00000000600082de                _fflush
 .text.fclose   0x0000000060008330       0x58 /usr/local/mcuxpressoide-11.1.1_3241/ide/plugins/com.nxp.mcuxpresso.tools.linux_11.1.0.202001081728/tools/bin/../lib/gcc/arm-none-eabi/8.3.1/../../../../arm-none-eabi/lib/thumb/v7e-m+dp/hard/libcr_c.a(fclose.o)
                0x0000000060008330                fclose
 .text.remove   0x0000000060008388       0x14 /usr/local/mcuxpressoide-11.1.1_3241/ide/plugins/com.nxp.mcuxpresso.tools.linux_11.1.0.202001081728/tools/bin/../lib/gcc/arm-none-eabi/8.3.1/../../../../arm-none-eabi/lib/thumb/v7e-m+dp/hard/libcr_c.a(remove.o)
                0x0000000060008388                remove
 .text._do_fflush
                0x000000006000839c       0x40 /usr/local/mcuxpressoide-11.1.1_3241/ide/plugins/com.nxp.mcuxpresso.tools.linux_11.1.0.202001081728/tools/bin/../lib/gcc/arm-none-eabi/8.3.1/../../../../arm-none-eabi/lib/thumb/v7e-m+dp/hard/libcr_c.a(_do_fflush.o)
                0x000000006000839c                _do_fflush
 .text.__aeabi_division_uldivmod
                0x00000000600083dc      0x174 /usr/local/mcuxpressoide-11.1.1_3241/ide/plugins/com.nxp.mcuxpresso.tools.linux_11.1.0.202001081728/tools/bin/../lib/gcc/arm-none-eabi/8.3.1/thumb/v7e-m+dp/hard/libcr_eabihelpers.a(division_64.o)
                0x00000000600083dc                __aeabi_uldivmod
                0x00000000600083e0                __bhs_ldivmod1
 .text.__aeabi_division_idiv0
                0x0000000060008550        0x2 /usr/local/mcuxpressoide-11.1.1_3241/ide/plugins/com.nxp.mcuxpresso.tools.linux_11.1.0.202001081728/tools/bin/../lib/gcc/arm-none-eabi/8.3.1/thumb/v7e-m+dp/hard/libcr_eabihelpers.a(division_idiv0.o)
                0x0000000060008550                __aeabi_idiv0
 .text.__aeabi_memcpy
                0x0000000060008552       0x34 /usr/local/mcuxpressoide-11.1.1_3241/ide/plugins/com.nxp.mcuxpresso.tools.linux_11.1.0.202001081728/tools/bin/../lib/gcc/arm-none-eabi/8.3.1/thumb/v7e-m+dp/hard/libcr_eabihelpers.a(memcpy.o)
                0x0000000060008552                __aeabi_memcpy
                0x000000006000855c                __aeabi_memcpy4
                0x000000006000855c                __aeabi_memcpy8
 .text.__aeabi_memset_lowlevel
                0x0000000060008586       0x32 /usr/local/mcuxpressoide-11.1.1_3241/ide/plugins/com.nxp.mcuxpresso.tools.linux_11.1.0.202001081728/tools/bin/../lib/gcc/arm-none-eabi/8.3.1/thumb/v7e-m+dp/hard/libcr_eabihelpers.a(memcpy.o)
                0x0000000060008586                __aeabi_lowlevel_memset
 .text.__sys_close
                0x00000000600085b8        0xc /usr/local/mcuxpressoide-11.1.1_3241/ide/plugins/com.nxp.mcuxpresso.tools.linux_11.1.0.202001081728/tools/bin/../lib/gcc/arm-none-eabi/8.3.1/../../../../arm-none-eabi/lib/thumb/v7e-m+dp/hard/libcr_semihost_nf.a(__sys_close.o)
                0x00000000600085b8                __sys_close
 .text.__sys_flen
                0x00000000600085c4        0xc /usr/local/mcuxpressoide-11.1.1_3241/ide/plugins/com.nxp.mcuxpresso.tools.linux_11.1.0.202001081728/tools/bin/../lib/gcc/arm-none-eabi/8.3.1/../../../../arm-none-eabi/lib/thumb/v7e-m+dp/hard/libcr_semihost_nf.a(__sys_flen.o)
                0x00000000600085c4                __sys_flen
 .text.__sys_istty
                0x00000000600085d0        0xc /usr/local/mcuxpressoide-11.1.1_3241/ide/plugins/com.nxp.mcuxpresso.tools.linux_11.1.0.202001081728/tools/bin/../lib/gcc/arm-none-eabi/8.3.1/../../../../arm-none-eabi/lib/thumb/v7e-m+dp/hard/libcr_semihost_nf.a(__sys_istty.o)
                0x00000000600085d0                __sys_istty
 .text.__sys_remove
                0x00000000600085dc        0xc /usr/local/mcuxpressoide-11.1.1_3241/ide/plugins/com.nxp.mcuxpresso.tools.linux_11.1.0.202001081728/tools/bin/../lib/gcc/arm-none-eabi/8.3.1/../../../../arm-none-eabi/lib/thumb/v7e-m+dp/hard/libcr_semihost_nf.a(__sys_remove.o)
                0x00000000600085dc                __sys_remove
 .text.__sys_seek
                0x00000000600085e8        0xc /usr/local/mcuxpressoide-11.1.1_3241/ide/plugins/com.nxp.mcuxpresso.tools.linux_11.1.0.202001081728/tools/bin/../lib/gcc/arm-none-eabi/8.3.1/../../../../arm-none-eabi/lib/thumb/v7e-m+dp/hard/libcr_semihost_nf.a(__sys_seek.o)
                0x00000000600085e8                __sys_seek
 .text.__sys_tmpnam
                0x00000000600085f4        0xc /usr/local/mcuxpressoide-11.1.1_3241/ide/plugins/com.nxp.mcuxpresso.tools.linux_11.1.0.202001081728/tools/bin/../lib/gcc/arm-none-eabi/8.3.1/../../../../arm-none-eabi/lib/thumb/v7e-m+dp/hard/libcr_semihost_nf.a(__sys_tmpnam.o)
                0x00000000600085f4                __sys_tmpnam
 .text.__sys_write
                0x0000000060008600        0xc /usr/local/mcuxpressoide-11.1.1_3241/ide/plugins/com.nxp.mcuxpresso.tools.linux_11.1.0.202001081728/tools/bin/../lib/gcc/arm-none-eabi/8.3.1/../../../../arm-none-eabi/lib/thumb/v7e-m+dp/hard/libcr_semihost_nf.a(__sys_write.o)
                0x0000000060008600                __sys_write
 *freertos*/tasks.o(SORT_BY_ALIGNMENT(.rodata*))
 .rodata.vTaskStartScheduler.str1.4
                0x000000006000860c        0x5 ./amazon-freertos/freertos_kernel/tasks.o
 *fill*         0x0000000060008611        0x3 ff
 .rodata        0x0000000060008614       0x1c ./amazon-freertos/freertos_kernel/tasks.o
                0x0000000060008614                portArch_Name
                0x0000000060008618                FreeRTOSDebugConfig
 *(SORT_BY_ALIGNMENT(.rodata) SORT_BY_ALIGNMENT(.rodata.*) SORT_BY_ALIGNMENT(.constdata) SORT_BY_ALIGNMENT(.constdata.*))
 .rodata.__assertion_failed.str1.4
                0x0000000060008630       0x14 ./utilities/fsl_assert.o
 .rodata.main.str1.4
                0x0000000060008644       0x25 ./source/freertos_main.o
 *fill*         0x0000000060008669        0x3 ff
 .rodata.hello_task.str1.4
                0x000000006000866c        0xb ./source/freertos_main.o
 *fill*         0x0000000060008677        0x1 ff
 .rodata.GPT_SetClockDivider.str1.4
                0x0000000060008678       0x96 ./source/timing.o
 *fill*         0x000000006000870e        0x2 ff
 .rodata.GPT_SetOutputCompareValue.str1.4
                0x0000000060008710       0x97 ./source/timing.o
 *fill*         0x00000000600087a7        0x1 ff
 .rodata.QueueInit.str1.4
                0x00000000600087a8        0x5 ./source/timing.o
 *fill*         0x00000000600087ad        0x3 ff
 .rodata.TimerLog.str1.4
                0x00000000600087b0       0x20 ./source/timing.o
 .rodata.TimerPrint.str1.4
                0x00000000600087d0        0x7 ./source/timing.o
 *fill*         0x00000000600087d7        0x1 ff
 .rodata.CLOCK_InitExternalClk.str1.4
                0x00000000600087d8       0x22 ./drivers/fsl_clock.o
 *fill*         0x00000000600087fa        0x2 ff
 .rodata.CLOCK_GetPllFreq.str1.4
                0x00000000600087fc       0x35 ./drivers/fsl_clock.o
 *fill*         0x0000000060008831        0x3 ff
 .rodata        0x0000000060008834       0x10 ./drivers/fsl_clock.o
 .rodata.CLOCK_ControlGate.str1.4
                0x0000000060008844       0x20 ./drivers/fsl_gpt.o
 .rodata.GPT_SetClockDivider.str1.4
                0x0000000060008864       0x37 ./drivers/fsl_gpt.o
 *fill*         0x000000006000889b        0x1 ff
 .rodata.s_gptBases
                0x000000006000889c        0xc ./drivers/fsl_gpt.o
 .rodata.s_gptClocks
                0x00000000600088a8        0x6 ./drivers/fsl_gpt.o
 *fill*         0x00000000600088ae        0x2 ff
 .rodata.GPT_GetInstance.str1.4
                0x00000000600088b0       0x32 ./drivers/fsl_gpt.o
 *fill*         0x00000000600088e2        0x2 ff
 .rodata.GPT_Init.str1.4
                0x00000000600088e4       0x23 ./drivers/fsl_gpt.o
 *fill*         0x0000000060008907        0x1 ff
 .rodata.GPT_GetDefaultConfig.str1.4
                0x0000000060008908       0x20 ./drivers/fsl_gpt.o
 .rodata.BOARD_ConfigMPU.str1.4
                0x0000000060008928       0x6a ./board/board.o
 *fill*         0x0000000060008992        0x2 ff
 .rodata.CLOCK_SetMux.str1.4
                0x0000000060008994       0x90 ./board/clock_config.o
 .rodata.CLOCK_SetDiv.str1.4
                0x0000000060008a24       0x90 ./board/clock_config.o
 .rodata.CLOCK_ControlGate.str1.4
                0x0000000060008ab4       0x7f ./board/clock_config.o
 *fill*         0x0000000060008b33        0x1 ff
 .rodata.sysPllConfig_BOARD_BootClockRUN
                0x0000000060008b34       0x14 ./board/clock_config.o
                0x0000000060008b34                sysPllConfig_BOARD_BootClockRUN
 .rodata.enetPllConfig_BOARD_BootClockRUN
                0x0000000060008b48        0x5 ./board/clock_config.o
                0x0000000060008b48                enetPllConfig_BOARD_BootClockRUN
 .rodata.CLOCK_ControlGate.str1.4
                0x0000000060008b4d       0x7f ./board/pin_mux.o
 *fill*         0x0000000060008b4d        0x3 ff
 .rodata.xTimerCreateTimerTask.str1.4
                0x0000000060008b50        0x8 ./amazon-freertos/freertos_kernel/timers.o
 .rodata.prvCheckForValidListAndQueue.str1.4
                0x0000000060008b58        0x8 ./amazon-freertos/freertos_kernel/timers.o
                                          0x5 (size before relaxing)
 .rodata.__num_Ciob_streams
                0x0000000060008b60        0x4 /usr/local/mcuxpressoide-11.1.1_3241/ide/plugins/com.nxp.mcuxpresso.tools.linux_11.1.0.202001081728/tools/bin/../lib/gcc/arm-none-eabi/8.3.1/../../../../arm-none-eabi/lib/thumb/v7e-m+dp/hard/libcr_semihost_nf.a(__ciob.o)
                0x0000000060008b60                __num_Ciob_streams
 .rodata._Csys_alloc.str1.1
                0x0000000060008b64       0x18 /usr/local/mcuxpressoide-11.1.1_3241/ide/plugins/com.nxp.mcuxpresso.tools.linux_11.1.0.202001081728/tools/bin/../lib/gcc/arm-none-eabi/8.3.1/../../../../arm-none-eabi/lib/thumb/v7e-m+dp/hard/libcr_c.a(alloc.o)
 .rodata._initio.str1.1
                0x0000000060008b7c        0x4 /usr/local/mcuxpressoide-11.1.1_3241/ide/plugins/com.nxp.mcuxpresso.tools.linux_11.1.0.202001081728/tools/bin/../lib/gcc/arm-none-eabi/8.3.1/../../../../arm-none-eabi/lib/thumb/v7e-m+dp/hard/libcr_c.a(initio.o)
 .rodata.__vfprintf.str1.1
                0x0000000060008b80       0x37 /usr/local/mcuxpressoide-11.1.1_3241/ide/plugins/com.nxp.mcuxpresso.tools.linux_11.1.0.202001081728/tools/bin/../lib/gcc/arm-none-eabi/8.3.1/../../../../arm-none-eabi/lib/thumb/v7e-m+dp/hard/libcr_c.a(printf.o)
                                         0x38 (size before relaxing)
                0x0000000060008bb8                . = ALIGN (0x4)
 *fill*         0x0000000060008bb7        0x1 ff

.glue_7         0x0000000060008bb8        0x0
 .glue_7        0x0000000060008bb8        0x0 linker stubs

.glue_7t        0x0000000060008bb8        0x0
 .glue_7t       0x0000000060008bb8        0x0 linker stubs

.vfp11_veneer   0x0000000060008bb8        0x0
 .vfp11_veneer  0x0000000060008bb8        0x0 linker stubs

.v4_bx          0x0000000060008bb8        0x0
 .v4_bx         0x0000000060008bb8        0x0 linker stubs

.iplt           0x0000000060008bb8        0x0
 .iplt          0x0000000060008bb8        0x0 ./xip/evkmimxrt1020_flexspi_nor_config.o

.rel.dyn        0x0000000060008bb8        0x0
 .rel.iplt      0x0000000060008bb8        0x0 ./xip/evkmimxrt1020_flexspi_nor_config.o

.ARM.extab
 *(SORT_BY_ALIGNMENT(.ARM.extab*) SORT_BY_ALIGNMENT(.gnu.linkonce.armextab.*))

.ARM.exidx      0x0000000060008bb8        0x0
                0x0000000060008bb8                __exidx_start = .
 *(SORT_BY_ALIGNMENT(.ARM.exidx*) SORT_BY_ALIGNMENT(.gnu.linkonce.armexidx.*))
                0x0000000060008bb8                __exidx_end = .
                0x0000000060008bb8                _etext = .

.data_RAM2      0x0000000000000000        0x0 load address 0x0000000060008bb8
 FILL mask 0xff
                [!provide]                        PROVIDE (__start_data_RAM2 = .)
                [!provide]                        PROVIDE (__start_data_SRAM_ITC = .)
 *(SORT_BY_ALIGNMENT(.ramfunc.$RAM2))
 *(SORT_BY_ALIGNMENT(.ramfunc.$SRAM_ITC))
 *(SORT_BY_ALIGNMENT(.data.$RAM2))
 *(SORT_BY_ALIGNMENT(.data.$SRAM_ITC))
 *(SORT_BY_ALIGNMENT(.data.$RAM2.*))
 *(SORT_BY_ALIGNMENT(.data.$SRAM_ITC.*))
                0x0000000000000000                . = ALIGN (0x4)
                [!provide]                        PROVIDE (__end_data_RAM2 = .)
                [!provide]                        PROVIDE (__end_data_SRAM_ITC = .)

.data_RAM3      0x0000000020200000        0x0 load address 0x0000000060008bb8
 FILL mask 0xff
                [!provide]                        PROVIDE (__start_data_RAM3 = .)
                [!provide]                        PROVIDE (__start_data_SRAM_OC = .)
 *(SORT_BY_ALIGNMENT(.ramfunc.$RAM3))
 *(SORT_BY_ALIGNMENT(.ramfunc.$SRAM_OC))
 *(SORT_BY_ALIGNMENT(.data.$RAM3))
 *(SORT_BY_ALIGNMENT(.data.$SRAM_OC))
 *(SORT_BY_ALIGNMENT(.data.$RAM3.*))
 *(SORT_BY_ALIGNMENT(.data.$SRAM_OC.*))
                0x0000000020200000                . = ALIGN (0x4)
                [!provide]                        PROVIDE (__end_data_RAM3 = .)
                [!provide]                        PROVIDE (__end_data_SRAM_OC = .)

.data_RAM4      0x0000000080000000        0x0 load address 0x0000000060008bb8
 FILL mask 0xff
                [!provide]                        PROVIDE (__start_data_RAM4 = .)
                [!provide]                        PROVIDE (__start_data_BOARD_SDRAM = .)
 *(SORT_BY_ALIGNMENT(.ramfunc.$RAM4))
 *(SORT_BY_ALIGNMENT(.ramfunc.$BOARD_SDRAM))
 *(SORT_BY_ALIGNMENT(.data.$RAM4))
 *(SORT_BY_ALIGNMENT(.data.$BOARD_SDRAM))
 *(SORT_BY_ALIGNMENT(.data.$RAM4.*))
 *(SORT_BY_ALIGNMENT(.data.$BOARD_SDRAM.*))
                0x0000000080000000                . = ALIGN (0x4)
                [!provide]                        PROVIDE (__end_data_RAM4 = .)
                [!provide]                        PROVIDE (__end_data_BOARD_SDRAM = .)

.data_RAM5      0x0000000081e00000        0x0 load address 0x0000000060008bb8
 FILL mask 0xff
                [!provide]                        PROVIDE (__start_data_RAM5 = .)
                [!provide]                        PROVIDE (__start_data_NCACHE_REGION = .)
 *(SORT_BY_ALIGNMENT(.ramfunc.$RAM5))
 *(SORT_BY_ALIGNMENT(.ramfunc.$NCACHE_REGION))
 *(SORT_BY_ALIGNMENT(.data.$RAM5))
 *(SORT_BY_ALIGNMENT(.data.$NCACHE_REGION))
 *(SORT_BY_ALIGNMENT(.data.$RAM5.*))
 *(SORT_BY_ALIGNMENT(.data.$NCACHE_REGION.*))
                0x0000000081e00000                . = ALIGN (0x4)
                [!provide]                        PROVIDE (__end_data_RAM5 = .)
                [!provide]                        PROVIDE (__end_data_NCACHE_REGION = .)

.uninit_RESERVED
                0x0000000020000000        0x0
                0x0000000020000000                _start_uninit_RESERVED = .
 *(SORT_BY_ALIGNMENT(.bss.$RESERVED*))
                0x0000000020000000                . = ALIGN (0x4)
                0x0000000020000000                _end_uninit_RESERVED = .

.data           0x0000000020000000        0x8 load address 0x0000000060008bb8
 FILL mask 0xff
                0x0000000020000000                _data = .
                [!provide]                        PROVIDE (__start_data_RAM = .)
                [!provide]                        PROVIDE (__start_data_SRAM_DTC = .)
 *(SORT_BY_ALIGNMENT(vtable))
 *(SORT_BY_ALIGNMENT(.ramfunc*))
 *(SORT_BY_ALIGNMENT(CodeQuickAccess))
 *(SORT_BY_ALIGNMENT(DataQuickAccess))
 *(SORT_BY_ALIGNMENT(RamFunction))
 *(SORT_BY_ALIGNMENT(NonCacheable.init))
 *(SORT_BY_ALIGNMENT(.data*))
 .data.SystemCoreClock
                0x0000000020000000        0x4 ./device/system_MIMXRT1021.o
                0x0000000020000000                SystemCoreClock
 .data.uxCriticalNesting
                0x0000000020000004        0x4 ./amazon-freertos/freertos_kernel/portable/GCC/ARM_CM4F/port.o
                0x0000000020000008                . = ALIGN (0x4)
                0x0000000020000008                _edata = .
                [!provide]                        PROVIDE (__end_data_RAM = .)
                [!provide]                        PROVIDE (__end_data_SRAM_DTC = .)

.igot.plt       0x0000000020000008        0x0 load address 0x0000000060008bc0
 .igot.plt      0x0000000020000008        0x0 ./xip/evkmimxrt1020_flexspi_nor_config.o

.bss_RAM2       0x0000000000000000        0x0
                [!provide]                        PROVIDE (__start_bss_RAM2 = .)
                [!provide]                        PROVIDE (__start_bss_SRAM_ITC = .)
 *(SORT_BY_ALIGNMENT(.bss.$RAM2))
 *(SORT_BY_ALIGNMENT(.bss.$SRAM_ITC))
 *(SORT_BY_ALIGNMENT(.bss.$RAM2.*))
 *(SORT_BY_ALIGNMENT(.bss.$SRAM_ITC.*))
                0x0000000000000000                . = ALIGN ((. != 0x0)?0x4:0x1)
                [!provide]                        PROVIDE (__end_bss_RAM2 = .)
                [!provide]                        PROVIDE (__end_bss_SRAM_ITC = .)

.bss_RAM3       0x0000000020200000        0x0
                [!provide]                        PROVIDE (__start_bss_RAM3 = .)
                [!provide]                        PROVIDE (__start_bss_SRAM_OC = .)
 *(SORT_BY_ALIGNMENT(.bss.$RAM3))
 *(SORT_BY_ALIGNMENT(.bss.$SRAM_OC))
 *(SORT_BY_ALIGNMENT(.bss.$RAM3.*))
 *(SORT_BY_ALIGNMENT(.bss.$SRAM_OC.*))
                0x0000000020200000                . = ALIGN ((. != 0x0)?0x4:0x1)
                [!provide]                        PROVIDE (__end_bss_RAM3 = .)
                [!provide]                        PROVIDE (__end_bss_SRAM_OC = .)

.bss_RAM4       0x0000000080000000        0x0
                [!provide]                        PROVIDE (__start_bss_RAM4 = .)
                [!provide]                        PROVIDE (__start_bss_BOARD_SDRAM = .)
 *(SORT_BY_ALIGNMENT(.bss.$RAM4))
 *(SORT_BY_ALIGNMENT(.bss.$BOARD_SDRAM))
 *(SORT_BY_ALIGNMENT(.bss.$RAM4.*))
 *(SORT_BY_ALIGNMENT(.bss.$BOARD_SDRAM.*))
                0x0000000080000000                . = ALIGN ((. != 0x0)?0x4:0x1)
                [!provide]                        PROVIDE (__end_bss_RAM4 = .)
                [!provide]                        PROVIDE (__end_bss_BOARD_SDRAM = .)

.bss_RAM5       0x0000000081e00000        0x0
                [!provide]                        PROVIDE (__start_bss_RAM5 = .)
                [!provide]                        PROVIDE (__start_bss_NCACHE_REGION = .)
 *(SORT_BY_ALIGNMENT(.bss.$RAM5))
 *(SORT_BY_ALIGNMENT(.bss.$NCACHE_REGION))
 *(SORT_BY_ALIGNMENT(.bss.$RAM5.*))
 *(SORT_BY_ALIGNMENT(.bss.$NCACHE_REGION.*))
                0x0000000081e00000                . = ALIGN ((. != 0x0)?0x4:0x1)
                [!provide]                        PROVIDE (__end_bss_RAM5 = .)
                [!provide]                        PROVIDE (__end_bss_NCACHE_REGION = .)

.bss            0x0000000020000008     0x2a98
                0x0000000020000008                _bss = .
                [!provide]                        PROVIDE (__start_bss_RAM = .)
                [!provide]                        PROVIDE (__start_bss_SRAM_DTC = .)
 *(SORT_BY_ALIGNMENT(NonCacheable))
 *(SORT_BY_ALIGNMENT(.bss*))
 .bss.xInfoQueue
                0x0000000020000008        0x4 ./source/timing.o
 .bss.RunTimeCounter
                0x000000002000000c        0x4 ./source/timing.o
                0x000000002000000c                RunTimeCounter
 .bss.g_xtalFreq
                0x0000000020000010        0x4 ./drivers/fsl_clock.o
                0x0000000020000010                g_xtalFreq
 .bss.g_rtcXtalFreq
                0x0000000020000014        0x4 ./drivers/fsl_clock.o
                0x0000000020000014                g_rtcXtalFreq
 .bss.s_lpuartHandle
                0x0000000020000018       0x24 ./drivers/fsl_lpuart.o
 .bss.s_lpuartIsr
                0x000000002000003c        0x4 ./drivers/fsl_lpuart.o
 .bss.ucHeap    0x0000000020000040     0x2800 ./amazon-freertos/freertos_kernel/portable/MemMang/heap_4.o
 .bss.xStart    0x0000000020002840        0x8 ./amazon-freertos/freertos_kernel/portable/MemMang/heap_4.o
 .bss.pxEnd     0x0000000020002848        0x4 ./amazon-freertos/freertos_kernel/portable/MemMang/heap_4.o
 .bss.xFreeBytesRemaining
                0x000000002000284c        0x4 ./amazon-freertos/freertos_kernel/portable/MemMang/heap_4.o
 .bss.xMinimumEverFreeBytesRemaining
                0x0000000020002850        0x4 ./amazon-freertos/freertos_kernel/portable/MemMang/heap_4.o
 .bss.xBlockAllocatedBit
                0x0000000020002854        0x4 ./amazon-freertos/freertos_kernel/portable/MemMang/heap_4.o
 .bss.ulMaxPRIGROUPValue
                0x0000000020002858        0x4 ./amazon-freertos/freertos_kernel/portable/GCC/ARM_CM4F/port.o
 .bss.xQueueRegistry
                0x000000002000285c       0x40 ./amazon-freertos/freertos_kernel/queue.o
                0x000000002000285c                xQueueRegistry
 .bss.pxCurrentTCB
                0x000000002000289c        0x4 ./amazon-freertos/freertos_kernel/tasks.o
                0x000000002000289c                pxCurrentTCB
 .bss.pxReadyTasksLists
                0x00000000200028a0       0x64 ./amazon-freertos/freertos_kernel/tasks.o
 .bss.xDelayedTaskList1
                0x0000000020002904       0x14 ./amazon-freertos/freertos_kernel/tasks.o
 .bss.xDelayedTaskList2
                0x0000000020002918       0x14 ./amazon-freertos/freertos_kernel/tasks.o
 .bss.pxDelayedTaskList