core_cm7.h:1902:22:__NVIC_EnableIRQ	16	static
fsl_common.h:460:28:EnableIRQ	16	static
fsl_gpt.h:217:20:GPT_SetClockDivider	16	static
fsl_gpt.h:270:20:GPT_StartTimer	16	static
fsl_gpt.h:394:20:GPT_SetOutputCompareValue	24	static
fsl_gpt.h:442:20:GPT_EnableInterrupts	16	static
fsl_gpt.h:496:20:GPT_ClearStatusFlags	16	static
freertos_main.c:61:5:main	16	static
freertos_main.c:88:13:hello_task	16	static
freertos_main.c:104:13:ConfigureRunTimeStatsTimer	48	static
freertos_main.c:139:6:GPT2_IRQHandler	8	static
freertos_main.c:151:13:TimerReset	4	static
freertos_main.c:159:13:TimerPrint	32	static
